
> Configure project :unityLibrary
Variant 'debug', will keep symbols in binaries for:
  'libunity.so'
  'libil2cpp.so'
  'libmain.so'
Variant 'release', symbols will be stripped from binaries.

> Configure project :launcher
WARNING: The option setting 'android.builtInKotlin=false' is deprecated.
The current default is 'true'.
It will be removed in version 10.0 of the Android Gradle plugin.
Variant 'debug', will keep symbols in binaries for:
  'libunity.so'
  'libil2cpp.so'
  'libmain.so'
Variant 'release', symbols will be stripped from binaries.

> Configure project :unityLibrary:res.androidlib
WARNING: minSdkVersion (29) is greater than targetSdkVersion (9) for variant "debug". Please change the values such that minSdkVersion is less than or equal to targetSdkVersion.
WARNING: minSdkVersion (29) is greater than targetSdkVersion (9) for variant "release". Please change the values such that minSdkVersion is less than or equal to targetSdkVersion.

> Task :unityLibrary:xrmanifest.androidlib:preBuild UP-TO-DATE
> Task :unityLibrary:preBuild UP-TO-DATE
> Task :unityLibrary:res.androidlib:preBuild UP-TO-DATE
> Task :unityLibrary:xrmanifest.androidlib:preDebugBuild UP-TO-DATE
> Task :unityLibrary:res.androidlib:preDebugBuild UP-TO-DATE
> Task :unityLibrary:preDebugBuild UP-TO-DATE
> Task :unityLibrary:xrmanifest.androidlib:processDebugNavigationResources UP-TO-DATE
> Task :unityLibrary:processDebugNavigationResources UP-TO-DATE
> Task :unityLibrary:res.androidlib:processDebugNavigationResources UP-TO-DATE
> Task :unityLibrary:res.androidlib:generateDebugResources UP-TO-DATE
> Task :unityLibrary:generateDebugResources UP-TO-DATE
> Task :launcher:preBuild UP-TO-DATE
> Task :launcher:preDebugBuild UP-TO-DATE
> Task :unityLibrary:xrmanifest.androidlib:generateDebugResources UP-TO-DATE
> Task :launcher:mergeDebugNativeDebugMetadata NO-SOURCE
> Task :unityLibrary:xrmanifest.androidlib:packageDebugResources UP-TO-DATE
> Task :unityLibrary:packageDebugResources UP-TO-DATE
> Task :unityLibrary:res.androidlib:packageDebugResources UP-TO-DATE
> Task :launcher:generateDebugResources UP-TO-DATE
> Task :launcher:packageDebugResources UP-TO-DATE
> Task :unityLibrary:parseDebugLocalResources UP-TO-DATE
> Task :unityLibrary:xrmanifest.androidlib:parseDebugLocalResources UP-TO-DATE
> Task :unityLibrary:res.androidlib:parseDebugLocalResources UP-TO-DATE
> Task :unityLibrary:generateDebugRFile UP-TO-DATE
> Task :unityLibrary:xrmanifest.androidlib:generateDebugRFile UP-TO-DATE
> Task :unityLibrary:res.androidlib:generateDebugRFile UP-TO-DATE
> Task :unityLibrary:res.androidlib:javaPreCompileDebug UP-TO-DATE
> Task :unityLibrary:javaPreCompileDebug UP-TO-DATE
> Task :unityLibrary:xrmanifest.androidlib:javaPreCompileDebug UP-TO-DATE
> Task :unityLibrary:generateDebugAssets UP-TO-DATE
> Task :unityLibrary:mergeDebugAssets UP-TO-DATE
> Task :unityLibrary:xrmanifest.androidlib:compileDebugJavaWithJavac NO-SOURCE
> Task :unityLibrary:res.androidlib:compileDebugJavaWithJavac NO-SOURCE
> Task :unityLibrary:writeDebugAarMetadata UP-TO-DATE
> Task :unityLibrary:res.androidlib:bundleLibCompileToJarDebug UP-TO-DATE
> Task :unityLibrary:xrmanifest.androidlib:bundleLibCompileToJarDebug UP-TO-DATE
> Task :unityLibrary:res.androidlib:generateDebugAssets UP-TO-DATE
> Task :unityLibrary:xrmanifest.androidlib:generateDebugAssets UP-TO-DATE
> Task :unityLibrary:extractDeepLinksDebug UP-TO-DATE
> Task :unityLibrary:res.androidlib:mergeDebugAssets UP-TO-DATE
> Task :unityLibrary:xrmanifest.androidlib:mergeDebugAssets UP-TO-DATE
> Task :unityLibrary:xrmanifest.androidlib:bundleLibRuntimeToJarDebug UP-TO-DATE
> Task :unityLibrary:res.androidlib:bundleLibRuntimeToJarDebug UP-TO-DATE
> Task :unityLibrary:xrmanifest.androidlib:writeDebugAarMetadata UP-TO-DATE
> Task :unityLibrary:res.androidlib:writeDebugAarMetadata UP-TO-DATE
> Task :unityLibrary:res.androidlib:extractDeepLinksDebug UP-TO-DATE
> Task :unityLibrary:xrmanifest.androidlib:extractDeepLinksDebug UP-TO-DATE
> Task :unityLibrary:res.androidlib:processDebugManifest UP-TO-DATE
> Task :unityLibrary:xrmanifest.androidlib:processDebugManifest UP-TO-DATE
> Task :unityLibrary:res.androidlib:compileDebugLibraryResources UP-TO-DATE
> Task :unityLibrary:xrmanifest.androidlib:compileDebugLibraryResources UP-TO-DATE
> Task :unityLibrary:res.androidlib:processDebugJavaRes NO-SOURCE
> Task :unityLibrary:xrmanifest.androidlib:processDebugJavaRes NO-SOURCE
> Task :unityLibrary:res.androidlib:bundleLibRuntimeToDirDebug UP-TO-DATE
> Task :unityLibrary:xrmanifest.androidlib:bundleLibRuntimeToDirDebug UP-TO-DATE
> Task :unityLibrary:res.androidlib:mergeDebugJniLibFolders UP-TO-DATE
> Task :unityLibrary:xrmanifest.androidlib:mergeDebugJniLibFolders UP-TO-DATE
> Task :unityLibrary:res.androidlib:mergeDebugNativeLibs NO-SOURCE
> Task :unityLibrary:xrmanifest.androidlib:mergeDebugNativeLibs NO-SOURCE
> Task :unityLibrary:res.androidlib:copyDebugJniLibsProjectOnly UP-TO-DATE
> Task :unityLibrary:xrmanifest.androidlib:copyDebugJniLibsProjectOnly UP-TO-DATE
> Task :launcher:processDebugNavigationResources UP-TO-DATE
> Task :launcher:parseDebugLocalResources UP-TO-DATE
> Task :launcher:generateDebugRFile UP-TO-DATE
> Task :unityLibrary:compileDebugJavaWithJavac UP-TO-DATE
> Task :unityLibrary:bundleLibCompileToJarDebug UP-TO-DATE
> Task :launcher:javaPreCompileDebug UP-TO-DATE
> Task :unityLibrary:bundleLibRuntimeToJarDebug UP-TO-DATE
> Task :launcher:compileDebugJavaWithJavac NO-SOURCE
> Task :launcher:generateDebugAssets UP-TO-DATE
> Task :unityLibrary:processDebugManifest UP-TO-DATE
> Task :unityLibrary:compileDebugLibraryResources UP-TO-DATE
> Task :unityLibrary:processDebugJavaRes UP-TO-DATE
> Task :launcher:mergeDebugAssets UP-TO-DATE
> Task :unityLibrary:bundleLibRuntimeToDirDebug UP-TO-DATE
> Task :launcher:compressDebugAssets UP-TO-DATE
> Task :launcher:desugarDebugFileDependencies UP-TO-DATE
> Task :launcher:compileDebugNavigationResources UP-TO-DATE
> Task :launcher:checkDebugAarMetadata FAILED
> Task :launcher:mapDebugSourceSetPaths UP-TO-DATE
> Task :unityLibrary:configureCMakeDebug[arm64-v8a]

[Incubating] Problems report is available at: file:///C:/Users/super/OneDrive/Documents/VRWorkspaceProjects/VRWorkSpace/Library/Bee/Android/Prj/IL2CPP/Gradle/build/reports/problems/problems-report.html

Deprecated Gradle features were used in this build, making it incompatible with Gradle 10.

You can use '--warning-mode all' to show the individual deprecation warnings and determine if they come from your own scripts or plugins.

For more on this, please refer to https://docs.gradle.org/9.1.0/userguide/command_line_interface.html#sec:command_line_warnings in the Gradle documentation.
61 actionable tasks: 2 executed, 59 up-to-date

UnityEditor.EditorApplication:Internal_CallDelayFunctions ()


FAILURE: Build failed with an exception.

* What went wrong:
Execution failed for task ':launcher:checkDebugAarMetadata'.
> A failure occurred while executing com.android.build.gradle.internal.tasks.CheckAarMetadataWorkAction
   > C:\Users\super\.gradle\caches\9.1.0\transforms\a73a728a4264d9f00c83255845c290bf\workspace\transformed\material-1.9.0\META-INF\com\android\build\gradle\aar-metadata.properties (The system cannot find the path specified)

* Try:
> Run with --stacktrace option to get the stack trace.
> Run with --info or --debug option to get more log output.
> Run with --scan to generate a Build Scan (Powered by Develocity).
> Get more help at https://help.gradle.org.

BUILD FAILED in 2s

UnityEditor.EditorApplication:Internal_CallDelayFunctions ()

CommandInvokationFailure: Gradle build failed. 
C:\Program Files\Unity\Hub\Editor\6000.5.1f1\Editor\Data\PlaybackEngines\AndroidPlayer\OpenJDK\bin\java.exe -classpath "C:\Program Files\Unity\Hub\Editor\6000.5.1f1\Editor\Data\PlaybackEngines\AndroidPlayer\Tools\gradle\lib\gradle-launcher-9.1.0.jar" org.gradle.launcher.GradleMain "-Dorg.gradle.jvmargs=-Xmx4096m" "assembleDebug" 

Environment Variables:
ProgramFiles = C:\Program Files
TMP = C:\Users\super\AppData\Local\Temp
LEVEL_ZERO_V1_SDK_PATH = C:\Program Files\LevelZeroSDK\1.24.0\
PROCESSOR_ARCHITECTURE = AMD64
PROCESSOR_REVISION = b701
OneDriveConsumer = C:\Users\super\OneDrive
OS = Windows_NT
ALLUSERSPROFILE = C:\ProgramData
PROCESSOR_IDENTIFIER = Intel64 Family 6 Model 183 Stepping 1, GenuineIntel
ProgramW6432 = C:\Program Files
USERPROFILE = C:\Users\super
JAVA_HOME = C:\Program Files\Unity\Hub\Editor\6000.5.1f1\Editor\Data\PlaybackEngines\AndroidPlayer\OpenJDK
CommonProgramFiles = C:\Program Files\Common Files
DriverData = C:\Windows\System32\Drivers\DriverData
ComSpec = C:\WINDOWS\system32\cmd.exe
USERDOMAIN = HANGUYEN
ANDROID_NDK_ROOT = C:\Program Files\Unity\Hub\Editor\6000.5.1f1\Editor\Data\PlaybackEngines\AndroidPlayer\NDK
USERNAME = super
PSModulePath = C:\Program Files\WindowsPowerShell\Modules;C:\WINDOWS\system32\WindowsPowerShell\v1.0\Modules
NUMBER_OF_PROCESSORS = 20
FPS_BROWSER_APP_PROFILE_STRING = Internet Explorer
TEMP = C:\Users\super\AppData\Local\Temp
Path = C:\WINDOWS\system32;C:\WINDOWS;C:\WINDOWS\System32\Wbem;C:\WINDOWS\System32\WindowsPowerShell\v1.0\;C:\WINDOWS\System32\OpenSSH\;C:\Program Files\dotnet\;C:\Program Files\Microsoft SQL Server\150\Tools\Binn\;C:\Program Files\Git\cmd;C:\Program Files\nodejs\;C:\Users\super\.local\bin;C:\Program Files\GitHub CLI\;C:\Program Files\Go\bin;C:\Users\super\AppData\Local\Programs\garyttierney\me3\bin;C:\Users\super\AppData\Local\Microsoft\WindowsApps;C:\Users\super\.dotnet\tools;C:\Users\super\AppData\Local\Programs\Microsoft VS Code\bin;C:\Users\super\AppData\Local\GitHubDesktop\bin;C:\Users\super\bin;C:\Users\super\.dotnet\tools;C:\Users\super\AppData\Local\Programs\Antigravity\bin;C:\Users\super\AppData\Roaming\npm;C:\Users\super\.local\bin;;C:\Users\super\.bun\bin;C:\Users\super\go\bin;C:\Users\super\AppData\Local\Programs\Antigravity IDE\bin
COMPUTERNAME = HANGUYEN
PATHEXT = .COM;.EXE;.BAT;.CMD;.VBS;.VBE;.JS;.JSE;.WSF;.WSH;.MSC
EFC_38712_1592913036 = 1
SystemDrive = C:
windir = C:\WINDOWS
GOPATH = C:\Users\super\go
FPS_BROWSER_USER_PROFILE_STRING = Default
ZES_ENABLE_SYSMAN = 1
PUBLIC = C:\Users\Public
CommonProgramFiles(x86) = C:\Program Files (x86)\Common Files
APPDATA = C:\Users\super\AppData\Roaming
OneDrive = C:\Users\super\OneDrive
PROCESSOR_LEVEL = 6
CommonProgramW6432 = C:\Program Files\Common Files
ProgramFiles(x86) = C:\Program Files (x86)
SystemRoot = C:\WINDOWS
SESSIONNAME = Console
LOGONSERVER = \\HANGUYEN
LOCALAPPDATA = C:\Users\super\AppData\Local
HOMEPATH = \Users\super
HOMEDRIVE = C:
USERDOMAIN_ROAMINGPROFILE = HANGUYEN
ProgramData = C:\ProgramData


stderr[

FAILURE: Build failed with an exception.

* What went wrong:
Execution failed for task ':launcher:checkDebugAarMetadata'.
> A failure occurred while executing com.android.build.gradle.internal.tasks.CheckAarMetadataWorkAction
   > C:\Users\super\.gradle\caches\9.1.0\transforms\a73a728a4264d9f00c83255845c290bf\workspace\transformed\material-1.9.0\META-INF\com\android\build\gradle\aar-metadata.properties (The system cannot find the path specified)

* Try:
> Run with --stacktrace option to get the stack trace.
> Run with --info or --debug option to get more log output.
> Run with --scan to generate a Build Scan (Powered by Develocity).
> Get more help at https://help.gradle.org.

BUILD FAILED in 2s
]
stdout[

> Configure project :unityLibrary
Variant 'debug', will keep symbols in binaries for:
  'libunity.so'
  'libil2cpp.so'
  'libmain.so'
Variant 'release', symbols will be stripped from binaries.

> Configure project :launcher
WARNING: The option setting 'android.builtInKotlin=false' is deprecated.
The current default is 'true'.
It will be removed in version 10.0 of the Android Gradle plugin.
Variant 'debug', will keep symbols in binaries for:
  'libunity.so'
  'libil2cpp.so'
  'libmain.so'
Variant 'release', symbols will be stripped from binaries.

> Configure project :unityLibrary:res.androidlib
WARNING: minSdkVersion (29) is greater than targetSdkVersion (9) for variant "debug". Please change the values such that minSdkVersion is less than or equal to targetSdkVersion.
WARNING: minSdkVersion (29) is greater than targetSdkVersion (9) for variant "release". Please change the values such that minSdkVersion is less than or equal to targetSdkVersion.

> Task :unityLibrary:xrmanifest.androidlib:preBuild UP-TO-DATE
> Task :unityLibrary:preBuild UP-TO-DATE
> Task :unityLibrary:res.androidlib:preBuild UP-TO-DATE
> Task :unityLibrary:xrmanifest.androidlib:preDebugBuild UP-TO-DATE
> Task :unityLibrary:res.androidlib:preDebugBuild UP-TO-DATE
> Task :unityLibrary:preDebugBuild UP-TO-DATE
> Task :unityLibrary:xrmanifest.androidlib:processDebugNavigationResources UP-TO-DATE
> Task :unityLibrary:processDebugNavigationResources UP-TO-DATE
> Task :unityLibrary:res.androidlib:processDebugNavigationResources UP-TO-DATE
> Task :unityLibrary:res.androidlib:generateDebugResources UP-TO-DATE
> Task :unityLibrary:generateDebugResources UP-TO-DATE
> Task :launcher:preBuild UP-TO-DATE
> Task :launcher:preDebugBuild UP-TO-DATE
> Task :unityLibrary:xrmanifest.androidlib:generateDebugResources UP-TO-DATE
> Task :launcher:mergeDebugNativeDebugMetadata NO-SOURCE
> Task :unityLibrary:xrmanifest.androidlib:packageDebugResources UP-TO-DATE
> Task :unityLibrary:packageDebugResources UP-TO-DATE
> Task :unityLibrary:res.androidlib:packageDebugResources UP-TO-DATE
> Task :launcher:generateDebugResources UP-TO-DATE
> Task :launcher:packageDebugResources UP-TO-DATE
> Task :unityLibrary:parseDebugLocalResources UP-TO-DATE
> Task :unityLibrary:xrmanifest.androidlib:parseDebugLocalResources UP-TO-DATE
> Task :unityLibrary:res.androidlib:parseDebugLocalResources UP-TO-DATE
> Task :unityLibrary:generateDebugRFile UP-TO-DATE
> Task :unityLibrary:xrmanifest.androidlib:generateDebugRFile UP-TO-DATE
> Task :unityLibrary:res.androidlib:generateDebugRFile UP-TO-DATE
> Task :unityLibrary:res.androidlib:javaPreCompileDebug UP-TO-DATE
> Task :unityLibrary:javaPreCompileDebug UP-TO-DATE
> Task :unityLibrary:xrmanifest.androidlib:javaPreCompileDebug UP-TO-DATE
> Task :unityLibrary:generateDebugAssets UP-TO-DATE
> Task :unityLibrary:mergeDebugAssets UP-TO-DATE
> Task :unityLibrary:xrmanifest.androidlib:compileDebugJavaWithJavac NO-SOURCE
> Task :unityLibrary:res.androidlib:compileDebugJavaWithJavac NO-SOURCE
> Task :unityLibrary:writeDebugAarMetadata UP-TO-DATE
> Task :unityLibrary:res.androidlib:bundleLibCompileToJarDebug UP-TO-DATE
> Task :unityLibrary:xrmanifest.androidlib:bundleLibCompileToJarDebug UP-TO-DATE
> Task :unityLibrary:res.androidlib:generateDebugAssets UP-TO-DATE
> Task :unityLibrary:xrmanifest.androidlib:generateDebugAssets UP-TO-DATE
> Task :unityLibrary:extractDeepLinksDebug UP-TO-DATE
> Task :unityLibrary:res.androidlib:mergeDebugAssets UP-TO-DATE
> Task :unityLibrary:xrmanifest.androidlib:mergeDebugAssets UP-TO-DATE
> Task :unityLibrary:xrmanifest.androidlib:bundleLibRuntimeToJarDebug UP-TO-DATE
> Task :unityLibrary:res.androidlib:bundleLibRuntimeToJarDebug UP-TO-DATE
> Task :unityLibrary:xrmanifest.androidlib:writeDebugAarMetadata UP-TO-DATE
> Task :unityLibrary:res.androidlib:writeDebugAarMetadata UP-TO-DATE
> Task :unityLibrary:res.androidlib:extractDeepLinksDebug UP-TO-DATE
> Task :unityLibrary:xrmanifest.androidlib:extractDeepLinksDebug UP-TO-DATE
> Task :unityLibrary:res.androidlib:processDebugManifest UP-TO-DATE
> Task :unityLibrary:xrmanifest.androidlib:processDebugManifest UP-TO-DATE
> Task :unityLibrary:res.androidlib:compileDebugLibraryResources UP-TO-DATE
> Task :unityLibrary:xrmanifest.androidlib:compileDebugLibraryResources UP-TO-DATE
> Task :unityLibrary:res.androidlib:processDebugJavaRes NO-SOURCE
> Task :unityLibrary:xrmanifest.androidlib:processDebugJavaRes NO-SOURCE
> Task :unityLibrary:res.androidlib:bundleLibRuntimeToDirDebug UP-TO-DATE
> Task :unityLibrary:xrmanifest.androidlib:bundleLibRuntimeToDirDebug UP-TO-DATE
> Task :unityLibrary:res.androidlib:mergeDebugJniLibFolders UP-TO-DATE
> Task :unityLibrary:xrmanifest.androidlib:mergeDebugJniLibFolders UP-TO-DATE
> Task :unityLibrary:res.androidlib:mergeDebugNativeLibs NO-SOURCE
> Task :unityLibrary:xrmanifest.androidlib:mergeDebugNativeLibs NO-SOURCE
> Task :unityLibrary:res.androidlib:copyDebugJniLibsProjectOnly UP-TO-DATE
> Task :unityLibrary:xrmanifest.androidlib:copyDebugJniLibsProjectOnly UP-TO-DATE
> Task :launcher:processDebugNavigationResources UP-TO-DATE
> Task :launcher:parseDebugLocalResources UP-TO-DATE
> Task :launcher:generateDebugRFile UP-TO-DATE
> Task :unityLibrary:compileDebugJavaWithJavac UP-TO-DATE
> Task :unityLibrary:bundleLibCompileToJarDebug UP-TO-DATE
> Task :launcher:javaPreCompileDebug UP-TO-DATE
> Task :unityLibrary:bundleLibRuntimeToJarDebug UP-TO-DATE
> Task :launcher:compileDebugJavaWithJavac NO-SOURCE
> Task :launcher:generateDebugAssets UP-TO-DATE
> Task :unityLibrary:processDebugManifest UP-TO-DATE
> Task :unityLibrary:compileDebugLibraryResources UP-TO-DATE
> Task :unityLibrary:processDebugJavaRes UP-TO-DATE
> Task :launcher:mergeDebugAssets UP-TO-DATE
> Task :unityLibrary:bundleLibRuntimeToDirDebug UP-TO-DATE
> Task :launcher:compressDebugAssets UP-TO-DATE
> Task :launcher:desugarDebugFileDependencies UP-TO-DATE
> Task :launcher:compileDebugNavigationResources UP-TO-DATE
> Task :launcher:checkDebugAarMetadata FAILED
> Task :launcher:mapDebugSourceSetPaths UP-TO-DATE
> Task :unityLibrary:configureCMakeDebug[arm64-v8a]

[Incubating] Problems report is available at: file:///C:/Users/super/OneDrive/Documents/VRWorkspaceProjects/VRWorkSpace/Library/Bee/Android/Prj/IL2CPP/Gradle/build/reports/problems/problems-report.html

Deprecated Gradle features were used in this build, making it incompatible with Gradle 10.

You can use '--warning-mode all' to show the individual deprecation warnings and determine if they come from your own scripts or plugins.

For more on this, please refer to https://docs.gradle.org/9.1.0/userguide/command_line_interface.html#sec:command_line_warnings in the Gradle documentation.
61 actionable tasks: 2 executed, 59 up-to-date
]
exit code: 1
UnityEditor.Android.Command.WaitForProgramToRun (UnityEditor.Utils.Program p, UnityEditor.Android.Command+WaitingForProcessToExit waitingForProcessToExit, System.String errorMsg) (at /home/bokken/build/output/unity/unity/PlatformDependent/AndroidPlayer/Editor/Managed/Android/Command.cs:221)
UnityEditor.Android.Command.Run (System.Diagnostics.ProcessStartInfo psi, UnityEditor.Android.Command+WaitingForProcessToExit waitingForProcessToExit, System.String errorMsg) (at /home/bokken/build/output/unity/unity/PlatformDependent/AndroidPlayer/Editor/Managed/Android/Command.cs:159)
UnityEditor.Android.Command.Run (System.String command, System.String args, System.String workingdir, UnityEditor.Android.Command+WaitingForProcessToExit waitingForProcessToExit, System.String errorMsg, System.Text.Encoding inputEncoding) (at /home/bokken/build/output/unity/unity/PlatformDependent/AndroidPlayer/Editor/Managed/Android/Command.cs:117)
UnityEditor.Android.AndroidJavaTools.RunJava (System.String args, System.String workingdir, System.Action`1[T] progress, System.String error) (at /home/bokken/build/output/unity/unity/PlatformDependent/AndroidPlayer/Editor/Managed/Android/AndroidJavaTools.cs:115)
UnityEditor.Android.GradleWrapper.Run (UnityEditor.Android.AndroidJavaTools javaTools, Unity.Android.Gradle.AndroidGradle androidGradle, System.String workingdir, System.String task, System.String[] extraArguments, System.Action`1[T] progress) (at /home/bokken/build/output/unity/unity/PlatformDependent/AndroidPlayer/Editor/Managed/Android/Gradle.cs:271)
Rethrow as GradleInvokationException: Gradle build failed
UnityEditor.Android.GradleWrapper.Run (UnityEditor.Android.AndroidJavaTools javaTools, Unity.Android.Gradle.AndroidGradle androidGradle, System.String workingdir, System.String task, System.String[] extraArguments, System.Action`1[T] progress) (at /home/bokken/build/output/unity/unity/PlatformDependent/AndroidPlayer/Editor/Managed/Android/Gradle.cs:280)
UnityEditor.Android.PostProcessor.Tasks.TasksCommon.RunGradleTask (UnityEditor.Android.PostProcessor.PostProcessorContext context, System.String workingDirectory, System.String taskName, System.String[] extraArguments, UnityEditor.Android.PostProcessor.IPostProcessorTask owner, UnityEditor.Android.PostProcessor.ProgressHandler progress) (at /home/bokken/build/output/unity/unity/PlatformDependent/AndroidPlayer/Editor/Managed/PostProcessor/Tasks/TasksCommon.cs:71)
UnityEditor.Android.PostProcessor.Tasks.TasksCommon.RunLauncherGradleTask (UnityEditor.Android.PostProcessor.PostProcessorContext context, System.String taskName, System.String[] extraArguments, UnityEditor.Android.PostProcessor.IPostProcessorTask owner, UnityEditor.Android.PostProcessor.ProgressHandler progress) (at /home/bokken/build/output/unity/unity/PlatformDependent/AndroidPlayer/Editor/Managed/PostProcessor/Tasks/TasksCommon.cs:54)
UnityEditor.Android.PostProcessor.Tasks.BuildGradleProject.Execute (UnityEditor.Android.PostProcessor.PostProcessorContext context) (at /home/bokken/build/output/unity/unity/PlatformDependent/AndroidPlayer/Editor/Managed/PostProcessor/Tasks/BuildGradleProject.cs:100)
UnityEditor.Android.PostProcessor.PostProcessRunner.RunAllTasks (UnityEditor.Android.PostProcessor.PostProcessorContext context) (at /home/bokken/build/output/unity/unity/PlatformDependent/AndroidPlayer/Editor/Managed/PostProcessor/AndroidPostProcessor.cs:112)
UnityEditor.EditorApplication:Internal_CallDelayFunctions()

Build completed with a result of 'Failed' in 8 seconds (8317 ms) [8/2/2026 7:37:57 PM -> 8/2/2026 7:38:06 PM, 08s]
3 errors
UnityEditor.EditorApplication:Internal_CallDelayFunctions ()

