=== RemotePlayServer ===
[Encoder] AMD AMF (Hardware)
[Guard] Detected stale session. Restoring previous snapshot before new capture...
[Guard] Monitor modes restored.
[Guard] Taskbar multi-monitor flag restored to 1.
[Guard] ℹ️ Taskbar setting will apply automatically with staggered timing.
[Guard] Text size restored.
[pnputil] /disable-device "ROOT\DISPLAY\0000"
Microsoft PnP Utility

Disabling device:          ROOT\DISPLAY\0000
Device disabled successfully.


[Guard] Virtual Display Driver disabled safely.
[TextScale] Actual DPI for \\.\DISPLAY6: 96
[Guard] Saved original text scale for \\.\DISPLAY6: 100%
[TextScale] Actual DPI for \\.\DISPLAY5: 96
[Guard] Saved original text scale for \\.\DISPLAY5: 100%
[Guard] Snapshot captured.
=== Monitors ===
  \\.\DISPLAY6: 1920x1080 [Physical]
  \\.\DISPLAY5: 1920x1080 [Physical]
[HTTP] http://+:8288/
[HTTP] Server: 192.168.1.9:8288

=== QRCode (Scan to connect) ===
Data: {"ip":"192.168.1.9","port":8288,"monitors":[{"id":0,"name":"\\\\.\\DISPLAY6","w":1920,"h":1080},{"id":1,"name":"\\\\.\\DISPLAY5","w":1920,"h":1080}]}
█████████████████████████████████████████████████████
█████████████████████████████████████████████████████
████ ▄▄▄▄▄ █ ▄ ▄ ▄▄▄▄ █▄ ▄█ ▄█▀  ▄█▄▀▄█▀▄█ ▄▄▄▄▄ ████
████ █   █ ██ ██▄█ ▀  ▀▀▄▄ ▄▀▀▀█▀▀██▀▄█ ▀█ █   █ ████
████ █▄▄▄█ █ ▀█ ▀█▄ ▄ ▀▄ ▄▄▄ ██▄█▄▀▀▄▄▄▄▄█ █▄▄▄█ ████
████▄▄▄▄▄▄▄█▄█ █▄▀▄▀ ▀▄█ █▄█ ▀▄▀▄█ ▀▄▀ █▄█▄▄▄▄▄▄▄████
████  ▄ ▀▄▄█▀ █▄▄▀ ▀█▄▀▀▄▄  ▄  ▄██ ▄ █▄▀█ ▀  ▀█▄▄████
████▀█ ▄█ ▄█▀▀ █▄▄▀█ █ ██ ▀▀█▀ ▄██▀▀▀▄█ █▄ █▄ ▀▄▀████
████▄▀ ▀▄█▄▀▄▄█▀██▀▀█▄▄▄▄    ▀ ▄█  █▄ █▀█▄▄▀ █▄ ▀████
████▀█▀▀ █▄█ ▄▀ ▄  █ █▀▀   █ ▄▄▀   ▄▀▄▀▀▄▄▀█ ▄ ▀ ████
████▀█  ▀█▄ ▄▀ ▀██ ▀▄█  ▀▀▄▀▄█▄ ▀▀▀▀ ██▀ ▀ ▀▄██ ▀████
████▀▄▄█▀ ▄  █ ▄▄▀█▀▄█▀▄ ▄▄▀ █▄█ ▄█  █▄▀▄  █ █ █▄████
████     ▄▄▄ ▄ ▀ ▄ ▀▄█ ▀ ▄▄▄ █▄▀█▄█▀▄█▀  ▄▄▄ ▀█ ▄████
████▀█ ▀ █▄█  ▀▄▄█▀  ▀▄▄ █▄█ ▄▀▄▀▄▀▄█  █ █▄█ █▀  ████
█████▄ █▄▄▄▄▄▀█▀▀███  ▀▀ ▄▄▄ ▄ █▄█▀█▄█ █▄▄ ▄▄▀██ ████
████▄█▄█▄ ▄█▀ ▄ ▄▄█▀▀▄▄█ ▄█▄▀ ▀▄ ▄█ ▀▄▄█▀▄█ ▀ ▄█ ████
████▄▀ ▄ ▄▄▀█▄██▀▀▀▀██ ▄▀█▀███▀ ███▀█ ▀ ██▀█▀ ▀ █████
████ ▀█▀ █▄   ▄▄▄ ▄   ▄█      ▄█▀▄▄█▀   ▀ ▄ ▄ ▄▀▀████
█████▄ █▀▀▄ ▄▄   █▀▄▄█  ▄   ▄▀█   ▀ ▄ ▀▄▄█ ▄ ▀█ ▄████
█████▀▀▀ █▄▄▄██▀▄███▀█▀▄ ▀█ ▄█▀███▀▄███▄████ ▀▀ ▄████
████▄██▄▄█▄▄█ ▀▄▀ ▀▄█  ▄ ▄▄▄  █▀█ ▄▀ ▄▄▀ ▄▄▄ ▀██ ████
████ ▄▄▄▄▄ █▀▄▄▀█▄ ▀▄▄   █▄█ ▀▀  ██ ▄▄▀▄ █▄█ ▀▀██████
████ █   █ █▀▄▀▀▀█▀▀█▄▄▀ ▄   ██  █ ▀▄█ ▀ ▄   ▄  █████
████ █▄▄▄█ █ █ ▀▀▄██▀ ▀█▀ ▄▀█▀█▀▀█ █▀▄ ▀█ ▄██▄███████
████▄▄▄▄▄▄▄█▄██████▄▄██▄▄██▄▄██▄███▄▄███▄████▄▄█▄████
█████████████████████████████████████████████████████
▀▀▀▀▀▀▀▀▀▀▀▀▀▀▀▀▀▀▀▀▀▀▀▀▀▀▀▀▀▀▀▀▀▀▀▀▀▀▀▀▀▀▀▀▀▀▀▀▀▀▀▀▀

Server is running. Press ENTER to exit.
[Signal] Client connected c09dd92e-d244-4aa9-ad4e-3a95ad3d916c
[Cluster Signal] Applying new display config: 2 monitors @ 1920x1080, 30 fps
[Cluster Signal] Client sent end-of-candidates
[VDD] Physical monitor found: \\.\DISPLAY6 (1920x1080)
[VDD] Physical monitor found: \\.\DISPLAY5 (1920x1080)
[VDD] Physical monitors detected: 2
[VDD] Virtual monitors needed: 0 (target total: 2)
[VDD] No virtual monitors needed - you already have 3+ physical monitors.
[Display] Setting up 3-monitor system...
[Display] Physical monitors: 2, Virtual monitors: 0
[Display] Setting \\.\DISPLAY6 [PHYSICAL] -> 1920x1080@60
[Display] Setting \\.\DISPLAY5 [PHYSICAL] -> 1920x1080@60
[Display] Setting \\.\DISPLAY6 as PRIMARY display
[Display] ✓ \\.\DISPLAY6 set as primary
[Display] ✓ 3-monitor system configured:
[Display]   • \\.\DISPLAY6 1920x1080 [PHYSICAL] [PRIMARY]
[Display]   • \\.\DISPLAY5 1920x1080 [PHYSICAL]
[Cluster Signal] Monitors after config: 2
[Cluster Signal] Using LibAv (in-process) encoder
[ClusterCapture] Aligned FrameWidth to even: 3840
[ClusterCapture] Combined frame: 3840x1080, 2 monitors, gap=1
[ClusterCapture] Using adapter: AMD Radeon RX 7600
[ClusterCapture] D3D11 device created (VideoSupport enabled for MFT encoder)
[ClusterCapture] Added monitor: \\.\DISPLAY6 at offset x=0
[ClusterCapture] Added monitor: \\.\DISPLAY5 at offset x=1921
[ClusterCapture] Initialized with 2 monitor duplications (zero-copy enabled)
[EncoderFactory] Creating streamer: mode=LibAv, fps=30, kbps=8000
[GpuVendorDetector] Detected AMD GPU: AMD Radeon RX 7600
[EncoderFactory] AMD GPU detected
[EncoderFactory] Native AMF wrapper available: True
[EncoderFactory] AMF runtime available: True
[EncoderFactory] Attempting native AMF encoder...
[RTC-AmfNative] Created: 30fps, 8000kbps
[RTC-AmfNative] StartAsync called
[RTC-AmfNative] Processing offer
[RTC-AmfNative] PeerConnection created
[RTC-AmfNative] canSend(H264) = True
[RTC-AmfNative] ice = checking
[RTC-AmfNative] Local ICE: 1416915466 1 udp 2113940223 2402:800:610d:265a:c29...
[Cluster Signal] Sent server ICE: candidate:1416915466 1 udp 2113940223 2402:800:610...
[RTC-AmfNative] Local ICE: 672988863 1 udp 2113940223 2402:800:610d:265a:911b...
[Cluster Signal] Sent server ICE: candidate:672988863 1 udp 2113940223 2402:800:610d...
[RTC-AmfNative] Local ICE: 3707760737 1 udp 2113937663 192.168.1.9 65514 typ ...
[Cluster Signal] Sent server ICE: candidate:3707760737 1 udp 2113937663 192.168.1.9 ...
[ClusterCapture] Starting combined capture for 2 monitors
[GpuColorConverter] Initialized 3840x1080 BGRA->NV12 converter
[ClusterCapture] GPU color converter initialized (BGRA->NV12)
[ClusterCapture] Capture started
[ClusterCapture] Target 30fps, frame interval 33ms
[RTC-AmfNative] ice = connected
[RTC-AmfNative] ICE CONNECTED
[RTC-AmfNative] pc.state = connecting
[AmfNativeWrapper] Initializing 3840x1080 @ 30fps, 8000kbps
[RTC-AmfNative] Local ICE: 3070992155 1 udp 1677730047 171.241.38.173 65514 t...
[Cluster Signal] Sent server ICE: candidate:3070992155 1 udp 1677730047 171.241.38.1...
[AmfNativeWrapper] Initialized successfully (zero-copy enabled)
[RTC-AmfNative] Encoder started 3840x1080 @ 30fps (zero-copy)
[RTC-AmfNative] pc.state = connected
[RTC-AmfNative] Frame #1: 301553 bytes, keyframe=True
[RTC-AmfNative] Frame #2: 57135 bytes, keyframe=False
[RTC-AmfNative] Frame #3: 7098 bytes, keyframe=False
[RTC-AmfNative] Frame #4: 8874 bytes, keyframe=False
[RTC-AmfNative] Frame #5: 102555 bytes, keyframe=False
[RTC-AmfNative] stats: enq=55 sent=53
[RTC-AmfNative] stats: enq=115 sent=113
[RTC-AmfNative] stats: enq=175 sent=174
[RTC-AmfNative] stats: enq=236 sent=235
[RTC-AmfNative] stats: enq=295 sent=294
[RTC-AmfNative] stats: enq=355 sent=353
[RTC-AmfNative] Stopping...
[RTC-AmfNative] pc.state = closed
[AmfNativeWrapper] Disposed
[RTC-AmfNative] Stopped
[RTC-AmfNative] Disposed
[ClusterCapture] Capture stopped
[ClusterCapture] Capture stopped
[Guard] Restoring display settings after client disconnect...
[Guard] RestoreAndCleanupWithTimeout called...
[Guard] SnapshotPath exists: True
[Guard] Attempting to disable VDD...
[Guard] ForceDisableVdd: Finding VDD instance...
[Guard] ForceDisableVdd: Found VDD ID: ROOT\DISPLAY\0000
[Guard] ForceDisableVdd: VDD is currently ENABLED
[Guard] ForceDisableVdd: Physical monitors: \\.\DISPLAY6, \\.\DISPLAY5
[Guard] ForceDisableVdd: Setting \\.\DISPLAY5 as primary...
[RTC-AmfNative] stats: enq=390 sent=388
[Guard] ForceDisableVdd: Disabling VDD...
[pnputil] /disable-device "ROOT\DISPLAY\0000"
Microsoft PnP Utility

Disabling device:          ROOT\DISPLAY\0000
Device disabled successfully.


[Guard] ForceDisableVdd: ⚠ VDD may still be enabled.
[Guard] Restoring original state before exit...
[Guard] Monitor modes restored.
[Guard] Taskbar multi-monitor flag restored to 1.
[Guard] ℹ️ Taskbar setting will apply automatically (no Explorer restart needed).
[Guard] Restoring original text size...
[Guard] ✓ Text size restored successfully.
[Guard] Restoring per-monitor text scale...
[Guard] Restoring text scale for virtual monitor: \\.\DISPLAY5
[TextScale] Removed custom DPI for \\.\DISPLAY5
[TextScale] Enhanced broadcast refresh completed.
[Guard] ✓ Virtual monitor text scale restored to 100%
[Guard] Per-monitor text scale restoration completed.
[Guard] Allowing system to settle after restore...
[Guard] ✅ All settings restored and system settled.
[Guard] Restore done.
[Guard] Display settings restored.
[Signal] Cluster client disconnected c09dd92e-d244-4aa9-ad4e-3a95ad3d916c
[Signal] Client connected 6aa14e82-ec84-4cbb-852a-e2c7e86f36e6
[Cluster Signal] Applying new display config: 2 monitors @ 1920x1080, 30 fps
[VDD] Physical monitor found: \\.\DISPLAY6 (1920x1080)
[VDD] Physical monitor found: \\.\DISPLAY5 (1920x1080)
[VDD] Physical monitors detected: 2
[VDD] Virtual monitors needed: 0 (target total: 2)
[VDD] No virtual monitors needed - you already have 3+ physical monitors.
[Display] Setting up 3-monitor system...
[Display] Physical monitors: 2, Virtual monitors: 0
[Display] Setting \\.\DISPLAY6 [PHYSICAL] -> 1920x1080@60
[Display] Setting \\.\DISPLAY5 [PHYSICAL] -> 1920x1080@60
[Display] Setting \\.\DISPLAY6 as PRIMARY display
[Display] ✓ \\.\DISPLAY6 set as primary
[Display] ✓ 3-monitor system configured:
[Display]   • \\.\DISPLAY6 1920x1080 [PHYSICAL] [PRIMARY]
[Display]   • \\.\DISPLAY5 1920x1080 [PHYSICAL]
[Cluster Signal] Monitors after config: 2
[Cluster Signal] Using LibAv (in-process) encoder
[ClusterCapture] Aligned FrameWidth to even: 3840
[ClusterCapture] Combined frame: 3840x1080, 2 monitors, gap=1
[ClusterCapture] Using adapter: AMD Radeon RX 7600
[ClusterCapture] D3D11 device created (VideoSupport enabled for MFT encoder)
[ClusterCapture] Added monitor: \\.\DISPLAY6 at offset x=0
[ClusterCapture] Added monitor: \\.\DISPLAY5 at offset x=1921
[ClusterCapture] Initialized with 2 monitor duplications (zero-copy enabled)
[EncoderFactory] Creating streamer: mode=LibAv, fps=30, kbps=8000
[GpuVendorDetector] Detected AMD GPU: AMD Radeon RX 7600
[EncoderFactory] AMD GPU detected
[EncoderFactory] Native AMF wrapper available: True
[EncoderFactory] AMF runtime available: True
[EncoderFactory] Attempting native AMF encoder...
[RTC-AmfNative] Created: 30fps, 8000kbps
[RTC-AmfNative] StartAsync called
[RTC-AmfNative] Processing offer
[RTC-AmfNative] PeerConnection created
[RTC-AmfNative] canSend(H264) = True
[RTC-AmfNative] Local ICE: 1416915466 1 udp 2113940223 2402:800:610d:265a:c29...
[Cluster Signal] Sent server ICE: candidate:1416915466 1 udp 2113940223 2402:800:610...
[RTC-AmfNative] Local ICE: 672988863 1 udp 2113940223 2402:800:610d:265a:911b...
[Cluster Signal] Sent server ICE: candidate:672988863 1 udp 2113940223 2402:800:610d...
[RTC-AmfNative] Local ICE: 3707760737 1 udp 2113937663 192.168.1.9 56696 typ ...
[Cluster Signal] Sent server ICE: candidate:3707760737 1 udp 2113937663 192.168.1.9 ...
[ClusterCapture] Starting combined capture for 2 monitors
[GpuColorConverter] Initialized 3840x1080 BGRA->NV12 converter
[ClusterCapture] GPU color converter initialized (BGRA->NV12)
[ClusterCapture] Capture started
[ClusterCapture] Target 30fps, frame interval 33ms
[AmfNativeWrapper] Initializing 3840x1080 @ 30fps, 8000kbps
[AmfNativeWrapper] Initialized successfully (zero-copy enabled)
[RTC-AmfNative] Encoder started 3840x1080 @ 30fps (zero-copy)
[RTC-AmfNative] Local ICE: 3070992155 1 udp 1677730047 171.241.38.173 56696 t...
[Cluster Signal] Sent server ICE: candidate:3070992155 1 udp 1677730047 171.241.38.1...
[AmfNativeWrapper] Callback exception: Sequence contains no elements
[AmfNativeWrapper] Callback exception: Sequence contains no elements
[AmfNativeWrapper] Callback exception: Sequence contains no elements
[AmfNativeWrapper] Callback exception: Sequence contains no elements
[AmfNativeWrapper] Callback exception: Sequence contains no elements
[AmfNativeWrapper] Callback exception: Sequence contains no elements
[AmfNativeWrapper] Callback exception: Sequence contains no elements
[AmfNativeWrapper] Callback exception: Sequence contains no elements
[AmfNativeWrapper] Callback exception: Sequence contains no elements
[AmfNativeWrapper] Callback exception: Sequence contains no elements
[AmfNativeWrapper] Callback exception: Sequence contains no elements
[AmfNativeWrapper] Callback exception: Sequence contains no elements
[AmfNativeWrapper] Callback exception: Sequence contains no elements
[AmfNativeWrapper] Callback exception: Sequence contains no elements
[AmfNativeWrapper] Callback exception: Sequence contains no elements
[AmfNativeWrapper] Callback exception: Sequence contains no elements
[AmfNativeWrapper] Callback exception: Sequence contains no elements
[AmfNativeWrapper] Callback exception: Sequence contains no elements
[AmfNativeWrapper] Callback exception: Sequence contains no elements
[AmfNativeWrapper] Callback exception: Sequence contains no elements
[AmfNativeWrapper] Callback exception: Sequence contains no elements
[AmfNativeWrapper] Callback exception: Sequence contains no elements
[AmfNativeWrapper] Callback exception: Sequence contains no elements
[AmfNativeWrapper] Callback exception: Sequence contains no elements
[AmfNativeWrapper] Callback exception: Sequence contains no elements
[AmfNativeWrapper] Callback exception: Sequence contains no elements
[AmfNativeWrapper] Callback exception: Sequence contains no elements
[AmfNativeWrapper] Callback exception: Sequence contains no elements
[AmfNativeWrapper] Callback exception: Sequence contains no elements
[AmfNativeWrapper] Callback exception: Sequence contains no elements
[AmfNativeWrapper] Callback exception: Sequence contains no elements
[AmfNativeWrapper] Callback exception: Sequence contains no elements
[AmfNativeWrapper] Callback exception: Sequence contains no elements
[AmfNativeWrapper] Callback exception: Sequence contains no elements
[AmfNativeWrapper] Callback exception: Sequence contains no elements
[AmfNativeWrapper] Callback exception: Sequence contains no elements
[AmfNativeWrapper] Callback exception: Sequence contains no elements
[AmfNativeWrapper] Callback exception: Sequence contains no elements
[AmfNativeWrapper] Callback exception: Sequence contains no elements
[AmfNativeWrapper] Callback exception: Sequence contains no elements
[AmfNativeWrapper] Callback exception: Sequence contains no elements
[AmfNativeWrapper] Callback exception: Sequence contains no elements
[AmfNativeWrapper] Callback exception: Sequence contains no elements
[AmfNativeWrapper] Callback exception: Sequence contains no elements
[AmfNativeWrapper] Callback exception: Sequence contains no elements
[AmfNativeWrapper] Callback exception: Sequence contains no elements
[AmfNativeWrapper] Callback exception: Sequence contains no elements
[AmfNativeWrapper] Callback exception: Sequence contains no elements
[AmfNativeWrapper] Callback exception: Sequence contains no elements
[AmfNativeWrapper] Callback exception: Sequence contains no elements
[AmfNativeWrapper] Callback exception: Sequence contains no elements
[AmfNativeWrapper] Callback exception: Sequence contains no elements
[AmfNativeWrapper] Callback exception: Sequence contains no elements
[AmfNativeWrapper] Callback exception: Sequence contains no elements
[AmfNativeWrapper] Callback exception: Sequence contains no elements
[AmfNativeWrapper] Callback exception: Sequence contains no elements
[AmfNativeWrapper] Callback exception: Sequence contains no elements
[AmfNativeWrapper] Callback exception: Sequence contains no elements
[AmfNativeWrapper] Callback exception: Sequence contains no elements
[RTC-AmfNative] stats: enq=61 sent=0
[AmfNativeWrapper] Callback exception: Sequence contains no elements
[AmfNativeWrapper] Callback exception: Sequence contains no elements
[AmfNativeWrapper] Callback exception: Sequence contains no elements
[AmfNativeWrapper] Callback exception: Sequence contains no elements
[AmfNativeWrapper] Callback exception: Sequence contains no elements
[AmfNativeWrapper] Callback exception: Sequence contains no elements
[AmfNativeWrapper] Callback exception: Sequence contains no elements
[AmfNativeWrapper] Callback exception: Sequence contains no elements
[AmfNativeWrapper] Callback exception: Sequence contains no elements
[AmfNativeWrapper] Callback exception: Sequence contains no elements
[AmfNativeWrapper] Callback exception: Sequence contains no elements
[AmfNativeWrapper] Callback exception: Sequence contains no elements
[AmfNativeWrapper] Callback exception: Sequence contains no elements
[AmfNativeWrapper] Callback exception: Sequence contains no elements
[AmfNativeWrapper] Callback exception: Sequence contains no elements
[AmfNativeWrapper] Callback exception: Sequence contains no elements
[AmfNativeWrapper] Callback exception: Sequence contains no elements
[AmfNativeWrapper] Callback exception: Sequence contains no elements
[AmfNativeWrapper] Callback exception: Sequence contains no elements
[AmfNativeWrapper] Callback exception: Sequence contains no elements
[AmfNativeWrapper] Callback exception: Sequence contains no elements
[AmfNativeWrapper] Callback exception: Sequence contains no elements
[AmfNativeWrapper] Callback exception: Sequence contains no elements
[AmfNativeWrapper] Callback exception: Sequence contains no elements
[AmfNativeWrapper] Callback exception: Sequence contains no elements
[AmfNativeWrapper] Callback exception: Sequence contains no elements
[AmfNativeWrapper] Callback exception: Sequence contains no elements
[AmfNativeWrapper] Callback exception: Sequence contains no elements
[AmfNativeWrapper] Callback exception: Sequence contains no elements
[AmfNativeWrapper] Callback exception: Sequence contains no elements
[AmfNativeWrapper] Callback exception: Sequence contains no elements
[AmfNativeWrapper] Callback exception: Sequence contains no elements
[AmfNativeWrapper] Callback exception: Sequence contains no elements
[AmfNativeWrapper] Callback exception: Sequence contains no elements
[AmfNativeWrapper] Callback exception: Sequence contains no elements
[AmfNativeWrapper] Callback exception: Sequence contains no elements
[AmfNativeWrapper] Callback exception: Sequence contains no elements
[AmfNativeWrapper] Callback exception: Sequence contains no elements
[AmfNativeWrapper] Callback exception: Sequence contains no elements
[AmfNativeWrapper] Callback exception: Sequence contains no elements
[AmfNativeWrapper] Callback exception: Sequence contains no elements
[AmfNativeWrapper] Callback exception: Sequence contains no elements
[AmfNativeWrapper] Callback exception: Sequence contains no elements
[AmfNativeWrapper] Callback exception: Sequence contains no elements
[AmfNativeWrapper] Callback exception: Sequence contains no elements
[AmfNativeWrapper] Callback exception: Sequence contains no elements
[AmfNativeWrapper] Callback exception: Sequence contains no elements
[AmfNativeWrapper] Callback exception: Sequence contains no elements
[AmfNativeWrapper] Callback exception: Sequence contains no elements
[AmfNativeWrapper] Callback exception: Sequence contains no elements
[AmfNativeWrapper] Callback exception: Sequence contains no elements
[AmfNativeWrapper] Callback exception: Sequence contains no elements
[AmfNativeWrapper] Callback exception: Sequence contains no elements
[AmfNativeWrapper] Callback exception: Sequence contains no elements
[AmfNativeWrapper] Callback exception: Sequence contains no elements
[AmfNativeWrapper] Callback exception: Sequence contains no elements
[AmfNativeWrapper] Callback exception: Sequence contains no elements
[AmfNativeWrapper] Callback exception: Sequence contains no elements
[AmfNativeWrapper] Callback exception: Sequence contains no elements
[AmfNativeWrapper] Callback exception: Sequence contains no elements
[AmfNativeWrapper] Callback exception: Sequence contains no elements
[RTC-AmfNative] stats: enq=122 sent=0
[AmfNativeWrapper] Callback exception: Sequence contains no elements
[RTC-AmfNative] Stopping...
[RTC-AmfNative] pc.state = closed
[AmfNativeWrapper] Disposed
[RTC-AmfNative] Stopped
[RTC-AmfNative] Disposed
[ClusterCapture] Capture stopped
[ClusterCapture] Capture stopped
[Guard] Restoring display settings after client disconnect...
[Guard] RestoreAndCleanupWithTimeout called...
[Guard] SnapshotPath exists: True
[Guard] Attempting to disable VDD...
[Guard] ForceDisableVdd: Finding VDD instance...
[Guard] ForceDisableVdd: Found VDD ID: ROOT\DISPLAY\0000
[Guard] ForceDisableVdd: VDD is currently ENABLED
[Guard] ForceDisableVdd: Physical monitors: \\.\DISPLAY6, \\.\DISPLAY5
[Guard] ForceDisableVdd: Setting \\.\DISPLAY5 as primary...
[Guard] ForceDisableVdd: Disabling VDD...
[pnputil] /disable-device "ROOT\DISPLAY\0000"
Microsoft PnP Utility

Disabling device:          ROOT\DISPLAY\0000
Device disabled successfully.


[RTC-AmfNative] stats: enq=122 sent=0
[Guard] ForceDisableVdd: ⚠ VDD may still be enabled.
[Guard] Restoring original state before exit...
[Guard] Monitor modes restored.
[Guard] Taskbar multi-monitor flag restored to 1.
[Guard] ℹ️ Taskbar setting will apply automatically (no Explorer restart needed).
[Guard] Restoring original text size...
[Guard] ✓ Text size restored successfully.
[Guard] Restoring per-monitor text scale...
[Guard] Restoring text scale for virtual monitor: \\.\DISPLAY5
[TextScale] Removed custom DPI for \\.\DISPLAY5
[TextScale] Enhanced broadcast refresh completed.
[Guard] ✓ Virtual monitor text scale restored to 100%
[Guard] Per-monitor text scale restoration completed.
[Guard] Allowing system to settle after restore...
[Guard] ✅ All settings restored and system settled.
[Guard] Restore done.
[Guard] Display settings restored.
[Signal] Cluster client disconnected 6aa14e82-ec84-4cbb-852a-e2c7e86f36e6
