Starting camera passthrough
UnityEngine.Debug:Log (object)
CameraPassthrough:StartCam () (at Assets/VR-Workspace/Scripts/CameraPassthrough.cs:49)
CameraPassthrough:OnEnable () (at Assets/VR-Workspace/Scripts/CameraPassthrough.cs:17)

Found 1 camera devices
UnityEngine.Debug:Log (object)
CameraPassthrough:StartCam () (at Assets/VR-Workspace/Scripts/CameraPassthrough.cs:65)
CameraPassthrough:OnEnable () (at Assets/VR-Workspace/Scripts/CameraPassthrough.cs:17)

Camera 0: V2352GA (Windows Virtual Camera) (front facing: True)
UnityEngine.Debug:Log (object)
CameraPassthrough:StartCam () (at Assets/VR-Workspace/Scripts/CameraPassthrough.cs:68)
CameraPassthrough:OnEnable () (at Assets/VR-Workspace/Scripts/CameraPassthrough.cs:17)

Starting webcam texture: V2352GA (Windows Virtual Camera) at 1280x720
UnityEngine.Debug:Log (object)
CameraPassthrough:StartCam () (at Assets/VR-Workspace/Scripts/CameraPassthrough.cs:114)
CameraPassthrough:OnEnable () (at Assets/VR-Workspace/Scripts/CameraPassthrough.cs:17)

[ClusterAutoBinder] Using fixed config: 2 monitors, frame=3840x1080, cell=1920x1080
UnityEngine.Debug:Log (object)
ClusterAutoBinder:Start () (at Assets/VR-Workspace/Scripts/ClusterAutoBinder.cs:35)

[WorldPanelClusterRig] Built 2 panels
UnityEngine.Debug:Log (object)
WorldPanelClusterRig:BuildWithPanelCount (int) (at Assets/VR-Workspace/Scripts/Panel/WorldPanelClusterRig.cs:56)
ClusterAutoBinder:Start () (at Assets/VR-Workspace/Scripts/ClusterAutoBinder.cs:38)

[PCStreamClient] This instance is INPUT OWNER
UnityEngine.Debug:Log (object)
PCStreamClient:OnEnable () (at Assets/VR-Workspace/Scripts/PCStreamClient.cs:185)
UnityEngine.GameObject:AddComponent<PCStreamClient> ()
ClusterAutoBinder:CreateMasterClient (WorldPanelPlus,int) (at Assets/VR-Workspace/Scripts/ClusterAutoBinder.cs:73)
ClusterAutoBinder:BindPanelsToStream () (at Assets/VR-Workspace/Scripts/ClusterAutoBinder.cs:57)
ClusterAutoBinder:Start () (at Assets/VR-Workspace/Scripts/ClusterAutoBinder.cs:41)

[ClusterAutoBinder] Master client on panel[1], url=ws://192.168.1.9:8288/signal?mode=cluster&monitors=2&resW=1920&resH=1080&kbps=8000&fps=30
UnityEngine.Debug:Log (object)
ClusterAutoBinder:CreateMasterClient (WorldPanelPlus,int) (at Assets/VR-Workspace/Scripts/ClusterAutoBinder.cs:90)
ClusterAutoBinder:BindPanelsToStream () (at Assets/VR-Workspace/Scripts/ClusterAutoBinder.cs:57)
ClusterAutoBinder:Start () (at Assets/VR-Workspace/Scripts/ClusterAutoBinder.cs:41)

[ClusterAutoBinder] CropReceiver on panel[0]
UnityEngine.Debug:Log (object)
ClusterAutoBinder:CreateCropReceiver (WorldPanelPlus,int) (at Assets/VR-Workspace/Scripts/ClusterAutoBinder.cs:112)
ClusterAutoBinder:BindPanelsToStream () (at Assets/VR-Workspace/Scripts/ClusterAutoBinder.cs:63)
ClusterAutoBinder:Start () (at Assets/VR-Workspace/Scripts/ClusterAutoBinder.cs:41)

[ClusterAutoBinder] Bound 2 panels to combined stream
UnityEngine.Debug:Log (object)
ClusterAutoBinder:BindPanelsToStream () (at Assets/VR-Workspace/Scripts/ClusterAutoBinder.cs:66)
ClusterAutoBinder:Start () (at Assets/VR-Workspace/Scripts/ClusterAutoBinder.cs:41)

[PCStreamClient] Creating RTCPeerConnection with signalUrl: ws://192.168.1.9:8288/signal?mode=cluster&monitors=2&resW=1920&resH=1080&kbps=8000&fps=30
UnityEngine.Debug:Log (object)
PCStreamClient/<Start>d__34:MoveNext () (at Assets/VR-Workspace/Scripts/PCStreamClient.cs:224)
System.Runtime.CompilerServices.AsyncVoidMethodBuilder:Start<PCStreamClient/<Start>d__34> (PCStreamClient/<Start>d__34&)
PCStreamClient:Start ()

[PCStreamClient] RTCPeerConnection created successfully
UnityEngine.Debug:Log (object)
PCStreamClient/<Start>d__34:MoveNext () (at Assets/VR-Workspace/Scripts/PCStreamClient.cs:226)
System.Runtime.CompilerServices.AsyncVoidMethodBuilder:Start<PCStreamClient/<Start>d__34> (PCStreamClient/<Start>d__34&)
PCStreamClient:Start ()

[PCStreamClient] Connecting to signal server: ws://192.168.1.9:8288/signal?mode=cluster&monitors=2&resW=1920&resH=1080&kbps=8000&fps=30
UnityEngine.Debug:Log (object)
PCStreamClient/<ConnectAndSignalOffer>d__38:MoveNext () (at Assets/VR-Workspace/Scripts/PCStreamClient.cs:442)
System.Runtime.CompilerServices.AsyncTaskMethodBuilder:Start<PCStreamClient/<ConnectAndSignalOffer>d__38> (PCStreamClient/<ConnectAndSignalOffer>d__38&)
PCStreamClient:ConnectAndSignalOffer ()
PCStreamClient/<Start>d__34:MoveNext () (at Assets/VR-Workspace/Scripts/PCStreamClient.cs:343)
System.Runtime.CompilerServices.AsyncVoidMethodBuilder:Start<PCStreamClient/<Start>d__34> (PCStreamClient/<Start>d__34&)
PCStreamClient:Start ()

[PCStreamClient] WebSocket connected successfully to ws://192.168.1.9:8288/signal?mode=cluster&monitors=2&resW=1920&resH=1080&kbps=8000&fps=30
UnityEngine.Debug:Log (object)
PCStreamClient/<ConnectAndSignalOffer>d__38:MoveNext () (at Assets/VR-Workspace/Scripts/PCStreamClient.cs:445)
UnityEngine.UnitySynchronizationContext:ExecuteTasks ()

[PCStreamClient] Created offer with SDP type: Offer
UnityEngine.Debug:Log (object)
PCStreamClient/<ConnectAndSignalOffer>d__38:MoveNext () (at Assets/VR-Workspace/Scripts/PCStreamClient.cs:451)
UnityEngine.UnitySynchronizationContext:ExecuteTasks ()

[PCStreamClient] Offer SDP (first 300 chars): v=0
o=- 3724365527541077932 2 IN IP4 127.0.0.1
s=-
t=0 0
a=group:BUNDLE 0
a=extmap-allow-mixed
a=msid-semantic: WMS
m=video 9 UDP/TLS/RTP/SAVPF 127 122 125 121 124 120 35 36 37 38 39 40 41 42 119 118 123 43
c=IN IP4 0.0.0.0
a=rtcp:9 IN IP4 0.0.0.0
a=ice-ufrag:1obo
a=ice-pwd:3EYuMa+lHgYs/U...
UnityEngine.Debug:Log (object)
PCStreamClient/<ConnectAndSignalOffer>d__38:MoveNext () (at Assets/VR-Workspace/Scripts/PCStreamClient.cs:452)
UnityEngine.UnitySynchronizationContext:ExecuteTasks ()

[PCStreamClient] Full Offer SDP length: 3057
UnityEngine.Debug:Log (object)
PCStreamClient/<ConnectAndSignalOffer>d__38:MoveNext () (at Assets/VR-Workspace/Scripts/PCStreamClient.cs:453)
UnityEngine.UnitySynchronizationContext:ExecuteTasks ()

[PCStreamClient] Offer contains H264? NO
UnityEngine.Debug:Log (object)
PCStreamClient/<ConnectAndSignalOffer>d__38:MoveNext () (at Assets/VR-Workspace/Scripts/PCStreamClient.cs:454)
UnityEngine.UnitySynchronizationContext:ExecuteTasks ()

[PCStreamClient] 📤 SENDING CANDIDATE: 'candidate:1615777703 1 udp 2122129151 192.168.1.9 58955 typ host generation 0 ufrag 1obo network-id 1' (length=101)
UnityEngine.Debug:Log (object)
PCStreamClient/<>c__DisplayClass34_0:<Start>b__3 (Unity.WebRTC.RTCIceCandidate) (at Assets/VR-Workspace/Scripts/PCStreamClient.cs:298)
Unity.WebRTC.RTCPeerConnection/<>c__DisplayClass49_0:<PCOnIceCandidate>b__0 () (at ./Library/PackageCache/com.unity.webrtc@3.0.0-pre.8/Runtime/Scripts/RTCPeerConnection.cs:431)
Unity.WebRTC.WebRTC:SendOrPostCallback (object) (at ./Library/PackageCache/com.unity.webrtc@3.0.0-pre.8/Runtime/Scripts/WebRTC.cs:1169)
Unity.WebRTC.ExecutableUnitySynchronizationContext/WorkRequest:Invoke () (at ./Library/PackageCache/com.unity.webrtc@3.0.0-pre.8/Runtime/Scripts/Internal/ExecutableUnitySynchronizationContext.cs:224)
Unity.WebRTC.ExecutableUnitySynchronizationContext:Execute () (at ./Library/PackageCache/com.unity.webrtc@3.0.0-pre.8/Runtime/Scripts/Internal/ExecutableUnitySynchronizationContext.cs:171)
Unity.WebRTC.ExecutableUnitySynchronizationContext:ExecuteAndAppendNextExecute () (at ./Library/PackageCache/com.unity.webrtc@3.0.0-pre.8/Runtime/Scripts/Internal/ExecutableUnitySynchronizationContext.cs:189)
Unity.WebRTC.ExecutableUnitySynchronizationContext:SendOrPostCallback (object) (at ./Library/PackageCache/com.unity.webrtc@3.0.0-pre.8/Runtime/Scripts/Internal/ExecutableUnitySynchronizationContext.cs:57)
UnityEngine.UnitySynchronizationContext:ExecuteTasks ()

[PCStreamClient] 📤 CANDIDATE FIRST 100: 'candidate:1615777703 1 udp 2122129151 192.168.1.9 58955 typ host generation 0 ufrag 1obo network-id ...'
UnityEngine.Debug:Log (object)
PCStreamClient/<>c__DisplayClass34_0:<Start>b__3 (Unity.WebRTC.RTCIceCandidate) (at Assets/VR-Workspace/Scripts/PCStreamClient.cs:299)
Unity.WebRTC.RTCPeerConnection/<>c__DisplayClass49_0:<PCOnIceCandidate>b__0 () (at ./Library/PackageCache/com.unity.webrtc@3.0.0-pre.8/Runtime/Scripts/RTCPeerConnection.cs:431)
Unity.WebRTC.WebRTC:SendOrPostCallback (object) (at ./Library/PackageCache/com.unity.webrtc@3.0.0-pre.8/Runtime/Scripts/WebRTC.cs:1169)
Unity.WebRTC.ExecutableUnitySynchronizationContext/WorkRequest:Invoke () (at ./Library/PackageCache/com.unity.webrtc@3.0.0-pre.8/Runtime/Scripts/Internal/ExecutableUnitySynchronizationContext.cs:224)
Unity.WebRTC.ExecutableUnitySynchronizationContext:Execute () (at ./Library/PackageCache/com.unity.webrtc@3.0.0-pre.8/Runtime/Scripts/Internal/ExecutableUnitySynchronizationContext.cs:171)
Unity.WebRTC.ExecutableUnitySynchronizationContext:ExecuteAndAppendNextExecute () (at ./Library/PackageCache/com.unity.webrtc@3.0.0-pre.8/Runtime/Scripts/Internal/ExecutableUnitySynchronizationContext.cs:189)
Unity.WebRTC.ExecutableUnitySynchronizationContext:SendOrPostCallback (object) (at ./Library/PackageCache/com.unity.webrtc@3.0.0-pre.8/Runtime/Scripts/Internal/ExecutableUnitySynchronizationContext.cs:57)
UnityEngine.UnitySynchronizationContext:ExecuteTasks ()

[PCStreamClient] Sent ICE immediately
UnityEngine.Debug:Log (object)
PCStreamClient/<>c__DisplayClass34_0:<Start>b__3 (Unity.WebRTC.RTCIceCandidate) (at Assets/VR-Workspace/Scripts/PCStreamClient.cs:308)
Unity.WebRTC.RTCPeerConnection/<>c__DisplayClass49_0:<PCOnIceCandidate>b__0 () (at ./Library/PackageCache/com.unity.webrtc@3.0.0-pre.8/Runtime/Scripts/RTCPeerConnection.cs:431)
Unity.WebRTC.WebRTC:SendOrPostCallback (object) (at ./Library/PackageCache/com.unity.webrtc@3.0.0-pre.8/Runtime/Scripts/WebRTC.cs:1169)
Unity.WebRTC.ExecutableUnitySynchronizationContext/WorkRequest:Invoke () (at ./Library/PackageCache/com.unity.webrtc@3.0.0-pre.8/Runtime/Scripts/Internal/ExecutableUnitySynchronizationContext.cs:224)
Unity.WebRTC.ExecutableUnitySynchronizationContext:Execute () (at ./Library/PackageCache/com.unity.webrtc@3.0.0-pre.8/Runtime/Scripts/Internal/ExecutableUnitySynchronizationContext.cs:171)
Unity.WebRTC.ExecutableUnitySynchronizationContext:ExecuteAndAppendNextExecute () (at ./Library/PackageCache/com.unity.webrtc@3.0.0-pre.8/Runtime/Scripts/Internal/ExecutableUnitySynchronizationContext.cs:189)
Unity.WebRTC.ExecutableUnitySynchronizationContext:SendOrPostCallback (object) (at ./Library/PackageCache/com.unity.webrtc@3.0.0-pre.8/Runtime/Scripts/Internal/ExecutableUnitySynchronizationContext.cs:57)
UnityEngine.UnitySynchronizationContext:ExecuteTasks ()

[PCStreamClient] 📤 SENDING CANDIDATE: 'candidate:2579796612 1 udp 2122262783 2402:800:610d:265a:20f9:2def:f868:d492 58956 typ host generation 0 ufrag 1obo network-id 2' (length=128)
UnityEngine.Debug:Log (object)
PCStreamClient/<>c__DisplayClass34_0:<Start>b__3 (Unity.WebRTC.RTCIceCandidate) (at Assets/VR-Workspace/Scripts/PCStreamClient.cs:298)
Unity.WebRTC.RTCPeerConnection/<>c__DisplayClass49_0:<PCOnIceCandidate>b__0 () (at ./Library/PackageCache/com.unity.webrtc@3.0.0-pre.8/Runtime/Scripts/RTCPeerConnection.cs:431)
Unity.WebRTC.WebRTC:SendOrPostCallback (object) (at ./Library/PackageCache/com.unity.webrtc@3.0.0-pre.8/Runtime/Scripts/WebRTC.cs:1169)
Unity.WebRTC.ExecutableUnitySynchronizationContext/WorkRequest:Invoke () (at ./Library/PackageCache/com.unity.webrtc@3.0.0-pre.8/Runtime/Scripts/Internal/ExecutableUnitySynchronizationContext.cs:224)
Unity.WebRTC.ExecutableUnitySynchronizationContext:Execute () (at ./Library/PackageCache/com.unity.webrtc@3.0.0-pre.8/Runtime/Scripts/Internal/ExecutableUnitySynchronizationContext.cs:171)
Unity.WebRTC.ExecutableUnitySynchronizationContext:ExecuteAndAppendNextExecute () (at ./Library/PackageCache/com.unity.webrtc@3.0.0-pre.8/Runtime/Scripts/Internal/ExecutableUnitySynchronizationContext.cs:189)
Unity.WebRTC.ExecutableUnitySynchronizationContext:SendOrPostCallback (object) (at ./Library/PackageCache/com.unity.webrtc@3.0.0-pre.8/Runtime/Scripts/Internal/ExecutableUnitySynchronizationContext.cs:57)
UnityEngine.UnitySynchronizationContext:ExecuteTasks ()

[PCStreamClient] 📤 CANDIDATE FIRST 100: 'candidate:2579796612 1 udp 2122262783 2402:800:610d:265a:20f9:2def:f868:d492 58956 typ host generati...'
UnityEngine.Debug:Log (object)
PCStreamClient/<>c__DisplayClass34_0:<Start>b__3 (Unity.WebRTC.RTCIceCandidate) (at Assets/VR-Workspace/Scripts/PCStreamClient.cs:299)
Unity.WebRTC.RTCPeerConnection/<>c__DisplayClass49_0:<PCOnIceCandidate>b__0 () (at ./Library/PackageCache/com.unity.webrtc@3.0.0-pre.8/Runtime/Scripts/RTCPeerConnection.cs:431)
Unity.WebRTC.WebRTC:SendOrPostCallback (object) (at ./Library/PackageCache/com.unity.webrtc@3.0.0-pre.8/Runtime/Scripts/WebRTC.cs:1169)
Unity.WebRTC.ExecutableUnitySynchronizationContext/WorkRequest:Invoke () (at ./Library/PackageCache/com.unity.webrtc@3.0.0-pre.8/Runtime/Scripts/Internal/ExecutableUnitySynchronizationContext.cs:224)
Unity.WebRTC.ExecutableUnitySynchronizationContext:Execute () (at ./Library/PackageCache/com.unity.webrtc@3.0.0-pre.8/Runtime/Scripts/Internal/ExecutableUnitySynchronizationContext.cs:171)
Unity.WebRTC.ExecutableUnitySynchronizationContext:ExecuteAndAppendNextExecute () (at ./Library/PackageCache/com.unity.webrtc@3.0.0-pre.8/Runtime/Scripts/Internal/ExecutableUnitySynchronizationContext.cs:189)
Unity.WebRTC.ExecutableUnitySynchronizationContext:SendOrPostCallback (object) (at ./Library/PackageCache/com.unity.webrtc@3.0.0-pre.8/Runtime/Scripts/Internal/ExecutableUnitySynchronizationContext.cs:57)
UnityEngine.UnitySynchronizationContext:ExecuteTasks ()

[PCStreamClient] Sent ICE immediately
UnityEngine.Debug:Log (object)
PCStreamClient/<>c__DisplayClass34_0:<Start>b__3 (Unity.WebRTC.RTCIceCandidate) (at Assets/VR-Workspace/Scripts/PCStreamClient.cs:308)
Unity.WebRTC.RTCPeerConnection/<>c__DisplayClass49_0:<PCOnIceCandidate>b__0 () (at ./Library/PackageCache/com.unity.webrtc@3.0.0-pre.8/Runtime/Scripts/RTCPeerConnection.cs:431)
Unity.WebRTC.WebRTC:SendOrPostCallback (object) (at ./Library/PackageCache/com.unity.webrtc@3.0.0-pre.8/Runtime/Scripts/WebRTC.cs:1169)
Unity.WebRTC.ExecutableUnitySynchronizationContext/WorkRequest:Invoke () (at ./Library/PackageCache/com.unity.webrtc@3.0.0-pre.8/Runtime/Scripts/Internal/ExecutableUnitySynchronizationContext.cs:224)
Unity.WebRTC.ExecutableUnitySynchronizationContext:Execute () (at ./Library/PackageCache/com.unity.webrtc@3.0.0-pre.8/Runtime/Scripts/Internal/ExecutableUnitySynchronizationContext.cs:171)
Unity.WebRTC.ExecutableUnitySynchronizationContext:ExecuteAndAppendNextExecute () (at ./Library/PackageCache/com.unity.webrtc@3.0.0-pre.8/Runtime/Scripts/Internal/ExecutableUnitySynchronizationContext.cs:189)
Unity.WebRTC.ExecutableUnitySynchronizationContext:SendOrPostCallback (object) (at ./Library/PackageCache/com.unity.webrtc@3.0.0-pre.8/Runtime/Scripts/Internal/ExecutableUnitySynchronizationContext.cs:57)
UnityEngine.UnitySynchronizationContext:ExecuteTasks ()

[PCStreamClient] 📤 SENDING CANDIDATE: 'candidate:2324379697 1 udp 2122197247 2402:800:610d:265a:c29e:1bd7:cf8d:4ee1 58957 typ host generation 0 ufrag 1obo network-id 3' (length=128)
UnityEngine.Debug:Log (object)
PCStreamClient/<>c__DisplayClass34_0:<Start>b__3 (Unity.WebRTC.RTCIceCandidate) (at Assets/VR-Workspace/Scripts/PCStreamClient.cs:298)
Unity.WebRTC.RTCPeerConnection/<>c__DisplayClass49_0:<PCOnIceCandidate>b__0 () (at ./Library/PackageCache/com.unity.webrtc@3.0.0-pre.8/Runtime/Scripts/RTCPeerConnection.cs:431)
Unity.WebRTC.WebRTC:SendOrPostCallback (object) (at ./Library/PackageCache/com.unity.webrtc@3.0.0-pre.8/Runtime/Scripts/WebRTC.cs:1169)
Unity.WebRTC.ExecutableUnitySynchronizationContext/WorkRequest:Invoke () (at ./Library/PackageCache/com.unity.webrtc@3.0.0-pre.8/Runtime/Scripts/Internal/ExecutableUnitySynchronizationContext.cs:224)
Unity.WebRTC.ExecutableUnitySynchronizationContext:Execute () (at ./Library/PackageCache/com.unity.webrtc@3.0.0-pre.8/Runtime/Scripts/Internal/ExecutableUnitySynchronizationContext.cs:171)
Unity.WebRTC.ExecutableUnitySynchronizationContext:ExecuteAndAppendNextExecute () (at ./Library/PackageCache/com.unity.webrtc@3.0.0-pre.8/Runtime/Scripts/Internal/ExecutableUnitySynchronizationContext.cs:189)
Unity.WebRTC.ExecutableUnitySynchronizationContext:SendOrPostCallback (object) (at ./Library/PackageCache/com.unity.webrtc@3.0.0-pre.8/Runtime/Scripts/Internal/ExecutableUnitySynchronizationContext.cs:57)
UnityEngine.UnitySynchronizationContext:ExecuteTasks ()

[PCStreamClient] 📤 CANDIDATE FIRST 100: 'candidate:2324379697 1 udp 2122197247 2402:800:610d:265a:c29e:1bd7:cf8d:4ee1 58957 typ host generati...'
UnityEngine.Debug:Log (object)
PCStreamClient/<>c__DisplayClass34_0:<Start>b__3 (Unity.WebRTC.RTCIceCandidate) (at Assets/VR-Workspace/Scripts/PCStreamClient.cs:299)
Unity.WebRTC.RTCPeerConnection/<>c__DisplayClass49_0:<PCOnIceCandidate>b__0 () (at ./Library/PackageCache/com.unity.webrtc@3.0.0-pre.8/Runtime/Scripts/RTCPeerConnection.cs:431)
Unity.WebRTC.WebRTC:SendOrPostCallback (object) (at ./Library/PackageCache/com.unity.webrtc@3.0.0-pre.8/Runtime/Scripts/WebRTC.cs:1169)
Unity.WebRTC.ExecutableUnitySynchronizationContext/WorkRequest:Invoke () (at ./Library/PackageCache/com.unity.webrtc@3.0.0-pre.8/Runtime/Scripts/Internal/ExecutableUnitySynchronizationContext.cs:224)
Unity.WebRTC.ExecutableUnitySynchronizationContext:Execute () (at ./Library/PackageCache/com.unity.webrtc@3.0.0-pre.8/Runtime/Scripts/Internal/ExecutableUnitySynchronizationContext.cs:171)
Unity.WebRTC.ExecutableUnitySynchronizationContext:ExecuteAndAppendNextExecute () (at ./Library/PackageCache/com.unity.webrtc@3.0.0-pre.8/Runtime/Scripts/Internal/ExecutableUnitySynchronizationContext.cs:189)
Unity.WebRTC.ExecutableUnitySynchronizationContext:SendOrPostCallback (object) (at ./Library/PackageCache/com.unity.webrtc@3.0.0-pre.8/Runtime/Scripts/Internal/ExecutableUnitySynchronizationContext.cs:57)
UnityEngine.UnitySynchronizationContext:ExecuteTasks ()

[PCStreamClient] Sent ICE immediately
UnityEngine.Debug:Log (object)
PCStreamClient/<>c__DisplayClass34_0:<Start>b__3 (Unity.WebRTC.RTCIceCandidate) (at Assets/VR-Workspace/Scripts/PCStreamClient.cs:308)
Unity.WebRTC.RTCPeerConnection/<>c__DisplayClass49_0:<PCOnIceCandidate>b__0 () (at ./Library/PackageCache/com.unity.webrtc@3.0.0-pre.8/Runtime/Scripts/RTCPeerConnection.cs:431)
Unity.WebRTC.WebRTC:SendOrPostCallback (object) (at ./Library/PackageCache/com.unity.webrtc@3.0.0-pre.8/Runtime/Scripts/WebRTC.cs:1169)
Unity.WebRTC.ExecutableUnitySynchronizationContext/WorkRequest:Invoke () (at ./Library/PackageCache/com.unity.webrtc@3.0.0-pre.8/Runtime/Scripts/Internal/ExecutableUnitySynchronizationContext.cs:224)
Unity.WebRTC.ExecutableUnitySynchronizationContext:Execute () (at ./Library/PackageCache/com.unity.webrtc@3.0.0-pre.8/Runtime/Scripts/Internal/ExecutableUnitySynchronizationContext.cs:171)
Unity.WebRTC.ExecutableUnitySynchronizationContext:ExecuteAndAppendNextExecute () (at ./Library/PackageCache/com.unity.webrtc@3.0.0-pre.8/Runtime/Scripts/Internal/ExecutableUnitySynchronizationContext.cs:189)
Unity.WebRTC.ExecutableUnitySynchronizationContext:SendOrPostCallback (object) (at ./Library/PackageCache/com.unity.webrtc@3.0.0-pre.8/Runtime/Scripts/Internal/ExecutableUnitySynchronizationContext.cs:57)
UnityEngine.UnitySynchronizationContext:ExecuteTasks ()

[PCStreamClient] SetLocalDescription completed successfully
UnityEngine.Debug:Log (object)
PCStreamClient/<ConnectAndSignalOffer>d__38:MoveNext () (at Assets/VR-Workspace/Scripts/PCStreamClient.cs:459)
UnityEngine.UnitySynchronizationContext:ExecuteTasks ()

[PCStreamClient] 📤 SENDING CANDIDATE: 'candidate:3634845837 1 udp 1685921535 171.241.38.173 58955 typ srflx raddr 192.168.1.9 rport 58955 generation 0 ufrag 1obo network-id 1' (length=135)
UnityEngine.Debug:Log (object)
PCStreamClient/<>c__DisplayClass34_0:<Start>b__3 (Unity.WebRTC.RTCIceCandidate) (at Assets/VR-Workspace/Scripts/PCStreamClient.cs:298)
Unity.WebRTC.RTCPeerConnection/<>c__DisplayClass49_0:<PCOnIceCandidate>b__0 () (at ./Library/PackageCache/com.unity.webrtc@3.0.0-pre.8/Runtime/Scripts/RTCPeerConnection.cs:431)
Unity.WebRTC.WebRTC:SendOrPostCallback (object) (at ./Library/PackageCache/com.unity.webrtc@3.0.0-pre.8/Runtime/Scripts/WebRTC.cs:1169)
Unity.WebRTC.ExecutableUnitySynchronizationContext/WorkRequest:Invoke () (at ./Library/PackageCache/com.unity.webrtc@3.0.0-pre.8/Runtime/Scripts/Internal/ExecutableUnitySynchronizationContext.cs:224)
Unity.WebRTC.ExecutableUnitySynchronizationContext:Execute () (at ./Library/PackageCache/com.unity.webrtc@3.0.0-pre.8/Runtime/Scripts/Internal/ExecutableUnitySynchronizationContext.cs:171)
Unity.WebRTC.ExecutableUnitySynchronizationContext:ExecuteAndAppendNextExecute () (at ./Library/PackageCache/com.unity.webrtc@3.0.0-pre.8/Runtime/Scripts/Internal/ExecutableUnitySynchronizationContext.cs:189)
Unity.WebRTC.ExecutableUnitySynchronizationContext:SendOrPostCallback (object) (at ./Library/PackageCache/com.unity.webrtc@3.0.0-pre.8/Runtime/Scripts/Internal/ExecutableUnitySynchronizationContext.cs:57)
UnityEngine.UnitySynchronizationContext:ExecuteTasks ()

[PCStreamClient] 📤 CANDIDATE FIRST 100: 'candidate:3634845837 1 udp 1685921535 171.241.38.173 58955 typ srflx raddr 192.168.1.9 rport 58955 g...'
UnityEngine.Debug:Log (object)
PCStreamClient/<>c__DisplayClass34_0:<Start>b__3 (Unity.WebRTC.RTCIceCandidate) (at Assets/VR-Workspace/Scripts/PCStreamClient.cs:299)
Unity.WebRTC.RTCPeerConnection/<>c__DisplayClass49_0:<PCOnIceCandidate>b__0 () (at ./Library/PackageCache/com.unity.webrtc@3.0.0-pre.8/Runtime/Scripts/RTCPeerConnection.cs:431)
Unity.WebRTC.WebRTC:SendOrPostCallback (object) (at ./Library/PackageCache/com.unity.webrtc@3.0.0-pre.8/Runtime/Scripts/WebRTC.cs:1169)
Unity.WebRTC.ExecutableUnitySynchronizationContext/WorkRequest:Invoke () (at ./Library/PackageCache/com.unity.webrtc@3.0.0-pre.8/Runtime/Scripts/Internal/ExecutableUnitySynchronizationContext.cs:224)
Unity.WebRTC.ExecutableUnitySynchronizationContext:Execute () (at ./Library/PackageCache/com.unity.webrtc@3.0.0-pre.8/Runtime/Scripts/Internal/ExecutableUnitySynchronizationContext.cs:171)
Unity.WebRTC.ExecutableUnitySynchronizationContext:ExecuteAndAppendNextExecute () (at ./Library/PackageCache/com.unity.webrtc@3.0.0-pre.8/Runtime/Scripts/Internal/ExecutableUnitySynchronizationContext.cs:189)
Unity.WebRTC.ExecutableUnitySynchronizationContext:SendOrPostCallback (object) (at ./Library/PackageCache/com.unity.webrtc@3.0.0-pre.8/Runtime/Scripts/Internal/ExecutableUnitySynchronizationContext.cs:57)
UnityEngine.UnitySynchronizationContext:ExecuteTasks ()

[PCStreamClient] Sent ICE immediately
UnityEngine.Debug:Log (object)
PCStreamClient/<>c__DisplayClass34_0:<Start>b__3 (Unity.WebRTC.RTCIceCandidate) (at Assets/VR-Workspace/Scripts/PCStreamClient.cs:308)
Unity.WebRTC.RTCPeerConnection/<>c__DisplayClass49_0:<PCOnIceCandidate>b__0 () (at ./Library/PackageCache/com.unity.webrtc@3.0.0-pre.8/Runtime/Scripts/RTCPeerConnection.cs:431)
Unity.WebRTC.WebRTC:SendOrPostCallback (object) (at ./Library/PackageCache/com.unity.webrtc@3.0.0-pre.8/Runtime/Scripts/WebRTC.cs:1169)
Unity.WebRTC.ExecutableUnitySynchronizationContext/WorkRequest:Invoke () (at ./Library/PackageCache/com.unity.webrtc@3.0.0-pre.8/Runtime/Scripts/Internal/ExecutableUnitySynchronizationContext.cs:224)
Unity.WebRTC.ExecutableUnitySynchronizationContext:Execute () (at ./Library/PackageCache/com.unity.webrtc@3.0.0-pre.8/Runtime/Scripts/Internal/ExecutableUnitySynchronizationContext.cs:171)
Unity.WebRTC.ExecutableUnitySynchronizationContext:ExecuteAndAppendNextExecute () (at ./Library/PackageCache/com.unity.webrtc@3.0.0-pre.8/Runtime/Scripts/Internal/ExecutableUnitySynchronizationContext.cs:189)
Unity.WebRTC.ExecutableUnitySynchronizationContext:SendOrPostCallback (object) (at ./Library/PackageCache/com.unity.webrtc@3.0.0-pre.8/Runtime/Scripts/Internal/ExecutableUnitySynchronizationContext.cs:57)
UnityEngine.UnitySynchronizationContext:ExecuteTasks ()

Webcam texture initialized successfully after 1 frames
UnityEngine.Debug:Log (object)
CameraPassthrough/<EnsureTextureStarted>d__11:MoveNext () (at Assets/VR-Workspace/Scripts/CameraPassthrough.cs:175)
UnityEngine.GUIUtility:ProcessEvent (int,intptr,bool&)

[PCStreamClient] 📤 SENDING CANDIDATE: 'candidate:511782207 1 tcp 1518149375 192.168.1.9 60139 typ host tcptype passive generation 0 ufrag 1obo network-id 1' (length=116)
UnityEngine.Debug:Log (object)
PCStreamClient/<>c__DisplayClass34_0:<Start>b__3 (Unity.WebRTC.RTCIceCandidate) (at Assets/VR-Workspace/Scripts/PCStreamClient.cs:298)
Unity.WebRTC.RTCPeerConnection/<>c__DisplayClass49_0:<PCOnIceCandidate>b__0 () (at ./Library/PackageCache/com.unity.webrtc@3.0.0-pre.8/Runtime/Scripts/RTCPeerConnection.cs:431)
Unity.WebRTC.WebRTC:SendOrPostCallback (object) (at ./Library/PackageCache/com.unity.webrtc@3.0.0-pre.8/Runtime/Scripts/WebRTC.cs:1169)
Unity.WebRTC.ExecutableUnitySynchronizationContext/WorkRequest:Invoke () (at ./Library/PackageCache/com.unity.webrtc@3.0.0-pre.8/Runtime/Scripts/Internal/ExecutableUnitySynchronizationContext.cs:224)
Unity.WebRTC.ExecutableUnitySynchronizationContext:Execute () (at ./Library/PackageCache/com.unity.webrtc@3.0.0-pre.8/Runtime/Scripts/Internal/ExecutableUnitySynchronizationContext.cs:171)
Unity.WebRTC.ExecutableUnitySynchronizationContext:ExecuteAndAppendNextExecute () (at ./Library/PackageCache/com.unity.webrtc@3.0.0-pre.8/Runtime/Scripts/Internal/ExecutableUnitySynchronizationContext.cs:189)
Unity.WebRTC.ExecutableUnitySynchronizationContext:SendOrPostCallback (object) (at ./Library/PackageCache/com.unity.webrtc@3.0.0-pre.8/Runtime/Scripts/Internal/ExecutableUnitySynchronizationContext.cs:57)
UnityEngine.UnitySynchronizationContext:ExecuteTasks ()

[PCStreamClient] 📤 CANDIDATE FIRST 100: 'candidate:511782207 1 tcp 1518149375 192.168.1.9 60139 typ host tcptype passive generation 0 ufrag 1...'
UnityEngine.Debug:Log (object)
PCStreamClient/<>c__DisplayClass34_0:<Start>b__3 (Unity.WebRTC.RTCIceCandidate) (at Assets/VR-Workspace/Scripts/PCStreamClient.cs:299)
Unity.WebRTC.RTCPeerConnection/<>c__DisplayClass49_0:<PCOnIceCandidate>b__0 () (at ./Library/PackageCache/com.unity.webrtc@3.0.0-pre.8/Runtime/Scripts/RTCPeerConnection.cs:431)
Unity.WebRTC.WebRTC:SendOrPostCallback (object) (at ./Library/PackageCache/com.unity.webrtc@3.0.0-pre.8/Runtime/Scripts/WebRTC.cs:1169)
Unity.WebRTC.ExecutableUnitySynchronizationContext/WorkRequest:Invoke () (at ./Library/PackageCache/com.unity.webrtc@3.0.0-pre.8/Runtime/Scripts/Internal/ExecutableUnitySynchronizationContext.cs:224)
Unity.WebRTC.ExecutableUnitySynchronizationContext:Execute () (at ./Library/PackageCache/com.unity.webrtc@3.0.0-pre.8/Runtime/Scripts/Internal/ExecutableUnitySynchronizationContext.cs:171)
Unity.WebRTC.ExecutableUnitySynchronizationContext:ExecuteAndAppendNextExecute () (at ./Library/PackageCache/com.unity.webrtc@3.0.0-pre.8/Runtime/Scripts/Internal/ExecutableUnitySynchronizationContext.cs:189)
Unity.WebRTC.ExecutableUnitySynchronizationContext:SendOrPostCallback (object) (at ./Library/PackageCache/com.unity.webrtc@3.0.0-pre.8/Runtime/Scripts/Internal/ExecutableUnitySynchronizationContext.cs:57)
UnityEngine.UnitySynchronizationContext:ExecuteTasks ()

[PCStreamClient] Sent ICE immediately
UnityEngine.Debug:Log (object)
PCStreamClient/<>c__DisplayClass34_0:<Start>b__3 (Unity.WebRTC.RTCIceCandidate) (at Assets/VR-Workspace/Scripts/PCStreamClient.cs:308)
Unity.WebRTC.RTCPeerConnection/<>c__DisplayClass49_0:<PCOnIceCandidate>b__0 () (at ./Library/PackageCache/com.unity.webrtc@3.0.0-pre.8/Runtime/Scripts/RTCPeerConnection.cs:431)
Unity.WebRTC.WebRTC:SendOrPostCallback (object) (at ./Library/PackageCache/com.unity.webrtc@3.0.0-pre.8/Runtime/Scripts/WebRTC.cs:1169)
Unity.WebRTC.ExecutableUnitySynchronizationContext/WorkRequest:Invoke () (at ./Library/PackageCache/com.unity.webrtc@3.0.0-pre.8/Runtime/Scripts/Internal/ExecutableUnitySynchronizationContext.cs:224)
Unity.WebRTC.ExecutableUnitySynchronizationContext:Execute () (at ./Library/PackageCache/com.unity.webrtc@3.0.0-pre.8/Runtime/Scripts/Internal/ExecutableUnitySynchronizationContext.cs:171)
Unity.WebRTC.ExecutableUnitySynchronizationContext:ExecuteAndAppendNextExecute () (at ./Library/PackageCache/com.unity.webrtc@3.0.0-pre.8/Runtime/Scripts/Internal/ExecutableUnitySynchronizationContext.cs:189)
Unity.WebRTC.ExecutableUnitySynchronizationContext:SendOrPostCallback (object) (at ./Library/PackageCache/com.unity.webrtc@3.0.0-pre.8/Runtime/Scripts/Internal/ExecutableUnitySynchronizationContext.cs:57)
UnityEngine.UnitySynchronizationContext:ExecuteTasks ()

[PCStreamClient] 📤 SENDING CANDIDATE: 'candidate:3876286492 1 tcp 1518283007 2402:800:610d:265a:20f9:2def:f868:d492 60140 typ host tcptype passive generation 0 ufrag 1obo network-id 2' (length=144)
UnityEngine.Debug:Log (object)
PCStreamClient/<>c__DisplayClass34_0:<Start>b__3 (Unity.WebRTC.RTCIceCandidate) (at Assets/VR-Workspace/Scripts/PCStreamClient.cs:298)
Unity.WebRTC.RTCPeerConnection/<>c__DisplayClass49_0:<PCOnIceCandidate>b__0 () (at ./Library/PackageCache/com.unity.webrtc@3.0.0-pre.8/Runtime/Scripts/RTCPeerConnection.cs:431)
Unity.WebRTC.WebRTC:SendOrPostCallback (object) (at ./Library/PackageCache/com.unity.webrtc@3.0.0-pre.8/Runtime/Scripts/WebRTC.cs:1169)
Unity.WebRTC.ExecutableUnitySynchronizationContext/WorkRequest:Invoke () (at ./Library/PackageCache/com.unity.webrtc@3.0.0-pre.8/Runtime/Scripts/Internal/ExecutableUnitySynchronizationContext.cs:224)
Unity.WebRTC.ExecutableUnitySynchronizationContext:Execute () (at ./Library/PackageCache/com.unity.webrtc@3.0.0-pre.8/Runtime/Scripts/Internal/ExecutableUnitySynchronizationContext.cs:171)
Unity.WebRTC.ExecutableUnitySynchronizationContext:ExecuteAndAppendNextExecute () (at ./Library/PackageCache/com.unity.webrtc@3.0.0-pre.8/Runtime/Scripts/Internal/ExecutableUnitySynchronizationContext.cs:189)
Unity.WebRTC.ExecutableUnitySynchronizationContext:SendOrPostCallback (object) (at ./Library/PackageCache/com.unity.webrtc@3.0.0-pre.8/Runtime/Scripts/Internal/ExecutableUnitySynchronizationContext.cs:57)
UnityEngine.UnitySynchronizationContext:ExecuteTasks ()

[PCStreamClient] 📤 CANDIDATE FIRST 100: 'candidate:3876286492 1 tcp 1518283007 2402:800:610d:265a:20f9:2def:f868:d492 60140 typ host tcptype ...'
UnityEngine.Debug:Log (object)
PCStreamClient/<>c__DisplayClass34_0:<Start>b__3 (Unity.WebRTC.RTCIceCandidate) (at Assets/VR-Workspace/Scripts/PCStreamClient.cs:299)
Unity.WebRTC.RTCPeerConnection/<>c__DisplayClass49_0:<PCOnIceCandidate>b__0 () (at ./Library/PackageCache/com.unity.webrtc@3.0.0-pre.8/Runtime/Scripts/RTCPeerConnection.cs:431)
Unity.WebRTC.WebRTC:SendOrPostCallback (object) (at ./Library/PackageCache/com.unity.webrtc@3.0.0-pre.8/Runtime/Scripts/WebRTC.cs:1169)
Unity.WebRTC.ExecutableUnitySynchronizationContext/WorkRequest:Invoke () (at ./Library/PackageCache/com.unity.webrtc@3.0.0-pre.8/Runtime/Scripts/Internal/ExecutableUnitySynchronizationContext.cs:224)
Unity.WebRTC.ExecutableUnitySynchronizationContext:Execute () (at ./Library/PackageCache/com.unity.webrtc@3.0.0-pre.8/Runtime/Scripts/Internal/ExecutableUnitySynchronizationContext.cs:171)
Unity.WebRTC.ExecutableUnitySynchronizationContext:ExecuteAndAppendNextExecute () (at ./Library/PackageCache/com.unity.webrtc@3.0.0-pre.8/Runtime/Scripts/Internal/ExecutableUnitySynchronizationContext.cs:189)
Unity.WebRTC.ExecutableUnitySynchronizationContext:SendOrPostCallback (object) (at ./Library/PackageCache/com.unity.webrtc@3.0.0-pre.8/Runtime/Scripts/Internal/ExecutableUnitySynchronizationContext.cs:57)
UnityEngine.UnitySynchronizationContext:ExecuteTasks ()

[PCStreamClient] Sent ICE immediately
UnityEngine.Debug:Log (object)
PCStreamClient/<>c__DisplayClass34_0:<Start>b__3 (Unity.WebRTC.RTCIceCandidate) (at Assets/VR-Workspace/Scripts/PCStreamClient.cs:308)
Unity.WebRTC.RTCPeerConnection/<>c__DisplayClass49_0:<PCOnIceCandidate>b__0 () (at ./Library/PackageCache/com.unity.webrtc@3.0.0-pre.8/Runtime/Scripts/RTCPeerConnection.cs:431)
Unity.WebRTC.WebRTC:SendOrPostCallback (object) (at ./Library/PackageCache/com.unity.webrtc@3.0.0-pre.8/Runtime/Scripts/WebRTC.cs:1169)
Unity.WebRTC.ExecutableUnitySynchronizationContext/WorkRequest:Invoke () (at ./Library/PackageCache/com.unity.webrtc@3.0.0-pre.8/Runtime/Scripts/Internal/ExecutableUnitySynchronizationContext.cs:224)
Unity.WebRTC.ExecutableUnitySynchronizationContext:Execute () (at ./Library/PackageCache/com.unity.webrtc@3.0.0-pre.8/Runtime/Scripts/Internal/ExecutableUnitySynchronizationContext.cs:171)
Unity.WebRTC.ExecutableUnitySynchronizationContext:ExecuteAndAppendNextExecute () (at ./Library/PackageCache/com.unity.webrtc@3.0.0-pre.8/Runtime/Scripts/Internal/ExecutableUnitySynchronizationContext.cs:189)
Unity.WebRTC.ExecutableUnitySynchronizationContext:SendOrPostCallback (object) (at ./Library/PackageCache/com.unity.webrtc@3.0.0-pre.8/Runtime/Scripts/Internal/ExecutableUnitySynchronizationContext.cs:57)
UnityEngine.UnitySynchronizationContext:ExecuteTasks ()

[PCStreamClient] 📤 SENDING CANDIDATE: 'candidate:4098153129 1 tcp 1518217471 2402:800:610d:265a:c29e:1bd7:cf8d:4ee1 60141 typ host tcptype passive generation 0 ufrag 1obo network-id 3' (length=144)
UnityEngine.Debug:Log (object)
PCStreamClient/<>c__DisplayClass34_0:<Start>b__3 (Unity.WebRTC.RTCIceCandidate) (at Assets/VR-Workspace/Scripts/PCStreamClient.cs:298)
Unity.WebRTC.RTCPeerConnection/<>c__DisplayClass49_0:<PCOnIceCandidate>b__0 () (at ./Library/PackageCache/com.unity.webrtc@3.0.0-pre.8/Runtime/Scripts/RTCPeerConnection.cs:431)
Unity.WebRTC.WebRTC:SendOrPostCallback (object) (at ./Library/PackageCache/com.unity.webrtc@3.0.0-pre.8/Runtime/Scripts/WebRTC.cs:1169)
Unity.WebRTC.ExecutableUnitySynchronizationContext/WorkRequest:Invoke () (at ./Library/PackageCache/com.unity.webrtc@3.0.0-pre.8/Runtime/Scripts/Internal/ExecutableUnitySynchronizationContext.cs:224)
Unity.WebRTC.ExecutableUnitySynchronizationContext:Execute () (at ./Library/PackageCache/com.unity.webrtc@3.0.0-pre.8/Runtime/Scripts/Internal/ExecutableUnitySynchronizationContext.cs:171)
Unity.WebRTC.ExecutableUnitySynchronizationContext:ExecuteAndAppendNextExecute () (at ./Library/PackageCache/com.unity.webrtc@3.0.0-pre.8/Runtime/Scripts/Internal/ExecutableUnitySynchronizationContext.cs:189)
Unity.WebRTC.ExecutableUnitySynchronizationContext:SendOrPostCallback (object) (at ./Library/PackageCache/com.unity.webrtc@3.0.0-pre.8/Runtime/Scripts/Internal/ExecutableUnitySynchronizationContext.cs:57)
UnityEngine.UnitySynchronizationContext:ExecuteTasks ()

[PCStreamClient] 📤 CANDIDATE FIRST 100: 'candidate:4098153129 1 tcp 1518217471 2402:800:610d:265a:c29e:1bd7:cf8d:4ee1 60141 typ host tcptype ...'
UnityEngine.Debug:Log (object)
PCStreamClient/<>c__DisplayClass34_0:<Start>b__3 (Unity.WebRTC.RTCIceCandidate) (at Assets/VR-Workspace/Scripts/PCStreamClient.cs:299)
Unity.WebRTC.RTCPeerConnection/<>c__DisplayClass49_0:<PCOnIceCandidate>b__0 () (at ./Library/PackageCache/com.unity.webrtc@3.0.0-pre.8/Runtime/Scripts/RTCPeerConnection.cs:431)
Unity.WebRTC.WebRTC:SendOrPostCallback (object) (at ./Library/PackageCache/com.unity.webrtc@3.0.0-pre.8/Runtime/Scripts/WebRTC.cs:1169)
Unity.WebRTC.ExecutableUnitySynchronizationContext/WorkRequest:Invoke () (at ./Library/PackageCache/com.unity.webrtc@3.0.0-pre.8/Runtime/Scripts/Internal/ExecutableUnitySynchronizationContext.cs:224)
Unity.WebRTC.ExecutableUnitySynchronizationContext:Execute () (at ./Library/PackageCache/com.unity.webrtc@3.0.0-pre.8/Runtime/Scripts/Internal/ExecutableUnitySynchronizationContext.cs:171)
Unity.WebRTC.ExecutableUnitySynchronizationContext:ExecuteAndAppendNextExecute () (at ./Library/PackageCache/com.unity.webrtc@3.0.0-pre.8/Runtime/Scripts/Internal/ExecutableUnitySynchronizationContext.cs:189)
Unity.WebRTC.ExecutableUnitySynchronizationContext:SendOrPostCallback (object) (at ./Library/PackageCache/com.unity.webrtc@3.0.0-pre.8/Runtime/Scripts/Internal/ExecutableUnitySynchronizationContext.cs:57)
UnityEngine.UnitySynchronizationContext:ExecuteTasks ()

[PCStreamClient] Sent ICE immediately
UnityEngine.Debug:Log (object)
PCStreamClient/<>c__DisplayClass34_0:<Start>b__3 (Unity.WebRTC.RTCIceCandidate) (at Assets/VR-Workspace/Scripts/PCStreamClient.cs:308)
Unity.WebRTC.RTCPeerConnection/<>c__DisplayClass49_0:<PCOnIceCandidate>b__0 () (at ./Library/PackageCache/com.unity.webrtc@3.0.0-pre.8/Runtime/Scripts/RTCPeerConnection.cs:431)
Unity.WebRTC.WebRTC:SendOrPostCallback (object) (at ./Library/PackageCache/com.unity.webrtc@3.0.0-pre.8/Runtime/Scripts/WebRTC.cs:1169)
Unity.WebRTC.ExecutableUnitySynchronizationContext/WorkRequest:Invoke () (at ./Library/PackageCache/com.unity.webrtc@3.0.0-pre.8/Runtime/Scripts/Internal/ExecutableUnitySynchronizationContext.cs:224)
Unity.WebRTC.ExecutableUnitySynchronizationContext:Execute () (at ./Library/PackageCache/com.unity.webrtc@3.0.0-pre.8/Runtime/Scripts/Internal/ExecutableUnitySynchronizationContext.cs:171)
Unity.WebRTC.ExecutableUnitySynchronizationContext:ExecuteAndAppendNextExecute () (at ./Library/PackageCache/com.unity.webrtc@3.0.0-pre.8/Runtime/Scripts/Internal/ExecutableUnitySynchronizationContext.cs:189)
Unity.WebRTC.ExecutableUnitySynchronizationContext:SendOrPostCallback (object) (at ./Library/PackageCache/com.unity.webrtc@3.0.0-pre.8/Runtime/Scripts/Internal/ExecutableUnitySynchronizationContext.cs:57)
UnityEngine.UnitySynchronizationContext:ExecuteTasks ()

Stopping camera passthrough
UnityEngine.Debug:Log (object)
CameraPassthrough:StopCam () (at Assets/VR-Workspace/Scripts/CameraPassthrough.cs:123)
CameraPassthrough:OnDisable () (at Assets/VR-Workspace/Scripts/CameraPassthrough.cs:18)
ModeController/<TransitionRoutine>d__10:MoveNext () (at Assets/VR-Workspace/Scripts/ModeController.cs:87)
UnityEngine.SetupCoroutine:InvokeMoveNext (System.Collections.IEnumerator,intptr)

Stopping webcam texture
UnityEngine.Debug:Log (object)
CameraPassthrough:StopCam () (at Assets/VR-Workspace/Scripts/CameraPassthrough.cs:128)
CameraPassthrough:OnDisable () (at Assets/VR-Workspace/Scripts/CameraPassthrough.cs:18)
ModeController/<TransitionRoutine>d__10:MoveNext () (at Assets/VR-Workspace/Scripts/ModeController.cs:87)
UnityEngine.SetupCoroutine:InvokeMoveNext (System.Collections.IEnumerator,intptr)

Destroying webcam texture
UnityEngine.Debug:Log (object)
CameraPassthrough:StopCam () (at Assets/VR-Workspace/Scripts/CameraPassthrough.cs:132)
CameraPassthrough:OnDisable () (at Assets/VR-Workspace/Scripts/CameraPassthrough.cs:18)
ModeController/<TransitionRoutine>d__10:MoveNext () (at Assets/VR-Workspace/Scripts/ModeController.cs:87)
UnityEngine.SetupCoroutine:InvokeMoveNext (System.Collections.IEnumerator,intptr)

[PCStreamClient] RAW WS RECV (791 chars): answer:v=0
o=- 39936 0 IN IP4 127.0.0.1
s=sipsorcery
t=0 0
a=group:BUNDLE 0
m=video 9 UDP/TLS/R...
UnityEngine.Debug:Log (object)
PCStreamClient/<ConnectAndSignalOffer>d__38:MoveNext () (at Assets/VR-Workspace/Scripts/PCStreamClient.cs:484)
UnityEngine.UnitySynchronizationContext:ExecuteTasks ()

[PCStreamClient] Received Answer SDP with length: 782
UnityEngine.Debug:Log (object)
PCStreamClient/<ConnectAndSignalOffer>d__38:MoveNext () (at Assets/VR-Workspace/Scripts/PCStreamClient.cs:500)
UnityEngine.UnitySynchronizationContext:ExecuteTasks ()

[PCStreamClient] Answer SDP sample (first 200 chars): v=0
o=- 39936 0 IN IP4 127.0.0.1
s=sipsorcery
t=0 0
a=group:BUNDLE 0
m=video 9 UDP/TLS/RTP/SAVPF 127
a=rtpmap:127 H264/90000
c=IN IP4 0.0.0.0
a=ice-ufrag:UORV
a=ice-pwd:MJTQJKZJBOZGSFYIOIKNJL...
UnityEngine.Debug:Log (object)
PCStreamClient/<ConnectAndSignalOffer>d__38:MoveNext () (at Assets/VR-Workspace/Scripts/PCStreamClient.cs:501)
UnityEngine.UnitySynchronizationContext:ExecuteTasks ()

[PCStreamClient] Setting remote Answer SDP...
UnityEngine.Debug:Log (object)
PCStreamClient/<ConnectAndSignalOffer>d__38:MoveNext () (at Assets/VR-Workspace/Scripts/PCStreamClient.cs:506)
UnityEngine.UnitySynchronizationContext:ExecuteTasks ()

