=== RemotePlayServer ===
[System] Running as Administrator: YES
[System] Process: C:\Users\super\OneDrive\Documents\VRWorkspaceProjects\RemotePlayServer\bin\release\net9.0-windows10.0.26100.0\RemotePlayServer.exe
[System] Local IP: 192.168.1.9
[Encoder] AMD AMF (Hardware)
[TextScale] Actual DPI for \\.\DISPLAY2: 96
[Guard] Saved original text scale for \\.\DISPLAY2: 100%
[TextScale] Actual DPI for \\.\DISPLAY1: 96
[Guard] Saved original text scale for \\.\DISPLAY1: 100%
[Guard] Snapshot captured.
=== Monitors ===
  \\.\DISPLAY2: 1920x1080 [Physical]
  \\.\DISPLAY1: 1920x1080 [Physical]
[HTTP] http://+:8288/
[HTTP] Server: 192.168.1.9:8288

=== QRCode (Scan to connect) ===
Data: {"ip":"192.168.1.9","port":8288,"monitors":[{"id":0,"name":"\\\\.\\DISPLAY2","w":1920,"h":1080},{"id":1,"name":"\\\\.\\DISPLAY1","w":1920,"h":1080}]}
█████████████████████████████████████████████████████
█████████████████████████████████████████████████████
████ ▄▄▄▄▄ █ ███▄██ █ ▄▀▄ ▄█  ▄█      █▀▄█ ▄▄▄▄▄ ████
████ █   █ ██  ▄▄█ ▄█▄ █▀██▀▄ ▀█▀▄▄▀ ▀█ ▀█ █   █ ████
████ █▄▄▄█ █ █▀▄▄▄▄███ ▀ ▄▄▄ █ ▄█▀▄▄▀▀▄▄▄█ █▄▄▄█ ████
████▄▄▄▄▄▄▄█▄▀▄▀ █ █▄▀▄█ █▄█ ▀▄▀▄█▄█▄█ ▀▄█▄▄▄▄▄▄▄████
████  ▄ ▀ ▄▀▀▀▄▄▀▀ ▄▄ █▄▄  ▄ █  ▀▀█▄▀██▀▄ ▀▄▄█▀▄▄████
█████▀▄▀██▄█  █▀▀▀▀▀█▀▀ ▀▀▀▀▄ ▀▄██ ▀▀▄█ ▄▄ ▀▄▀▀▄ ████
████▄  ▀██▄▀█▄▄ █▄ ▀███▄█▀   ▀ ▄█  █▄ █▀█▄▄▀ █▄ ▀████
████▀█▀▀ █▄█ ▄▀ ▄  █ █▀▀   █ ▄▄▀   ▄▀▄▀▀▄▄▀█ ▄ ▀ ████
████▀█  ▀█▄ ▄▀ ▀██ ▀▄█  ▀▀▄▀▄█▄ ▀▀▀▀ ██▀ ▀ ▀▄██ ▀████
████▀▄▄█▀ ▄  █ ▄▄▀█▀▄█▀▄ ▄▄▀ █▄█ ▄█  █▄▀▄  █ █ █▄████
████▄    ▄▄▄ ▄ ▀ ▄ ▀▄█ ▀ ▄▄▄ █▄▀█▄█▀▄█▀  ▄▄▄ ▀█ ▄████
████▀█ ▀ █▄█  ▀▄▄█▀  ▀▄▄ █▄█ ▄▀▄▀▄▀▄█  █ █▄█ █▀  ████
█████▄ █▄▄▄▄▄▀█▀▀███  ▀▀ ▄▄▄ ▄ █▄█▀█▄█ █▄▄ ▄▄▀██ ████
████▄█▄█▄ ▄█▀ ▄ ▄▄█▀▀▄▄█ ▄█▄▀ ▀▄ ▄█ ▀▄▄█▀▄█ ▀ ▄█ ████
████▄▀ ▄ ▄▄▀█▄██▀▀▀▀██ ▄▀█▀███▀ ███▀█ ▀ ██▀█▀ ▀ █████
████ ▀█▀ █▄   ▄▄▄ ▄   ▄█      ▄█▀▄▄█▀   ▀ ▄ ▄ ▄▀▀████
█████▄ █▀▀▄ ▄▄   █▀▄▄█  ▄   ▄▀█   ▀ ▄ ▀▄▄█ ▄ ▀█ ▄████
█████▀▀▀ █▄▄▄██▀▄███▀█▀▄ ▀█ ▄█▀███▀▄███▄████ ▀▀ ▄████
████▄██▄▄█▄▄█ ▀▄▀ ▀▄█  ▄ ▄▄▄  █▀█ ▄▀ ▄▄▀ ▄▄▄ ▀██ ████
████ ▄▄▄▄▄ █▀▄▄▀█▄ ▀▄▄   █▄█ ▀▀  ██ ▄▄▀▄ █▄█ ▀▀██████
████ █   █ █▀▄▀▀▀█▀▀█▄▄▀ ▄   ██  █ ▀▄█ ▀ ▄   ▄  █████
████ █▄▄▄█ █ █ ▀▀▄██▀ ▀█▀ ▄▀█▀█▀▀█ █▀▄ ▀█ ▄██▄███████
████▄▄▄▄▄▄▄█▄██████▄▄██▄▄██▄▄██▄███▄▄███▄████▄▄█▄████
█████████████████████████████████████████████████████
▀▀▀▀▀▀▀▀▀▀▀▀▀▀▀▀▀▀▀▀▀▀▀▀▀▀▀▀▀▀▀▀▀▀▀▀▀▀▀▀▀▀▀▀▀▀▀▀▀▀▀▀▀

Server is running. Press ENTER to exit.
[Signal] Client connected ba31660e-1be3-46de-a4ba-3cce1733b3b2
[Cluster Signal] Received client ICE: 'candidate:1615777703 1 udp 2122129151 192.168.1.9 58955 typ ...' (hex=63-61-6E-64-69-64-61-74-65-3A-31-36-31-35-37-37-37-37-30-33-20-31-20-75-64-70-20-32-31-32-32-31-32-39-31-35-31-20-31-39-32-2E-31-36-38-2E-31-2E-39-20)
[Cluster Signal] Processing received candidate - full length: 101
[Cluster Signal] Queued client ICE (count=1)
[Cluster Signal] Received client ICE: 'candidate:2579796612 1 udp 2122262783 2402:800:610d:265a:20f...' (hex=63-61-6E-64-69-64-61-74-65-3A-32-35-37-39-37-39-36-36-31-32-20-31-20-75-64-70-20-32-31-32-32-32-36-32-37-38-33-20-32-34-30-32-3A-38-30-30-3A-36-31-30)
[Cluster Signal] Processing received candidate - full length: 128
[Cluster Signal] Queued client ICE (count=2)
[Cluster Signal] Received client ICE: 'candidate:2324379697 1 udp 2122197247 2402:800:610d:265a:c29...' (hex=63-61-6E-64-69-64-61-74-65-3A-32-33-32-34-33-37-39-36-39-37-20-31-20-75-64-70-20-32-31-32-32-31-39-37-32-34-37-20-32-34-30-32-3A-38-30-30-3A-36-31-30)
[Cluster Signal] Processing received candidate - full length: 128
[Cluster Signal] Queued client ICE (count=3)
[Cluster Signal] Applying new display config: 2 monitors @ 1920x1080, 30 fps
[Cluster Signal] Received client ICE: 'candidate:3634845837 1 udp 1685921535 171.241.38.173 58955 t...' (hex=63-61-6E-64-69-64-61-74-65-3A-33-36-33-34-38-34-35-38-33-37-20-31-20-75-64-70-20-31-36-38-35-39-32-31-35-33-35-20-31-37-31-2E-32-34-31-2E-33-38-2E-31)
[Cluster Signal] Processing received candidate - full length: 135
[Cluster Signal] Queued client ICE (count=4)
[Cluster Signal] Received client ICE: 'candidate:511782207 1 tcp 1518149375 192.168.1.9 60139 typ h...' (hex=63-61-6E-64-69-64-61-74-65-3A-35-31-31-37-38-32-32-30-37-20-31-20-74-63-70-20-31-35-31-38-31-34-39-33-37-35-20-31-39-32-2E-31-36-38-2E-31-2E-39-20-36)
[Cluster Signal] Processing received candidate - full length: 116
[Cluster Signal] Queued client ICE (count=5)
[Cluster Signal] Received client ICE: 'candidate:3876286492 1 tcp 1518283007 2402:800:610d:265a:20f...' (hex=63-61-6E-64-69-64-61-74-65-3A-33-38-37-36-32-38-36-34-39-32-20-31-20-74-63-70-20-31-35-31-38-32-38-33-30-30-37-20-32-34-30-32-3A-38-30-30-3A-36-31-30)
[Cluster Signal] Processing received candidate - full length: 144
[Cluster Signal] Queued client ICE (count=6)
[Cluster Signal] Received client ICE: 'candidate:4098153129 1 tcp 1518217471 2402:800:610d:265a:c29...' (hex=63-61-6E-64-69-64-61-74-65-3A-34-30-39-38-31-35-33-31-32-39-20-31-20-74-63-70-20-31-35-31-38-32-31-37-34-37-31-20-32-34-30-32-3A-38-30-30-3A-36-31-30)
[Cluster Signal] Processing received candidate - full length: 144
[Cluster Signal] Queued client ICE (count=7)
[VDD] Physical monitor found: \\.\DISPLAY2 (1920x1080)
[VDD] Physical monitor found: \\.\DISPLAY1 (1920x1080)
[VDD] Physical monitors detected: 2
[VDD] Virtual monitors needed: 0 (target total: 2)
[VDD] No virtual monitors needed - you already have 3+ physical monitors.
[Display] Setting up 3-monitor system...
[Display] Physical monitors: 2, Virtual monitors: 0
[Display] Setting \\.\DISPLAY2 [PHYSICAL] -> 1920x1080@60
[Display] Setting \\.\DISPLAY1 [PHYSICAL] -> 1920x1080@60
[Display] Setting \\.\DISPLAY2 as PRIMARY display
[Display] ✓ \\.\DISPLAY2 set as primary
[Display] ✓ 3-monitor system configured:
[Display]   • \\.\DISPLAY2 1920x1080 [PHYSICAL] [PRIMARY]
[Display]   • \\.\DISPLAY1 1920x1080 [PHYSICAL]
[Cluster Signal] Monitors after config: 2
[Cluster Signal] Using LibAv (in-process) encoder
[ClusterCapture] Aligned FrameWidth to even: 3840
[ClusterCapture] Combined frame: 3840x1080, 2 monitors, gap=1
[ClusterCapture] Using adapter (by monitor): AMD Radeon RX 7600
[ClusterCapture] D3D11 device created (VideoSupport enabled for MFT encoder)
[ClusterCapture] Added monitor: \\.\DISPLAY2 at offset x=0
[ClusterCapture] Added monitor: \\.\DISPLAY1 at offset x=1921
[ClusterCapture] Initialized with 2 monitor duplications (zero-copy enabled)
[EncoderFactory] Creating streamer: mode=LibAv, fps=30, kbps=8000
[GpuVendorDetector] Detected AMD GPU: AMD Radeon RX 7600
[EncoderFactory] AMD GPU detected
[EncoderFactory] Native AMF wrapper available: True
[EncoderFactory] AMF runtime available: True
[EncoderFactory] Attempting native AMF encoder...
[RTC-AmfNative] Created: 30fps, 8000kbps
[RTC-AmfNative] StartAsync called
[RTC-AmfNative] Processing offer
[RTC-AmfNative] PeerConnection created
[RTC-AmfNative] Offer H264 payload type not detected (will use fallback)
[RTC-AmfNative] canSend(H264) = True
[RTC-AmfNative] Local ICE: 1416915466 1 udp 2113940223 2402:800:610d:265a:c29...
[Cluster Signal] Queued server ICE (count=1): candidate:1416915466 1 udp 2113940223 24...
[RTC-AmfNative] Local ICE: 3696738782 1 udp 2113940223 2402:800:610d:265a:20f...
[Cluster Signal] Queued server ICE (count=2): candidate:3696738782 1 udp 2113940223 24...
[RTC-AmfNative] Local ICE: 3707760737 1 udp 2113937663 192.168.1.9 62434 typ ...
[Cluster Signal] Queued server ICE (count=3): candidate:3707760737 1 udp 2113937663 19...
[RTC-AmfNative] Answer m-line: m=video 9 UDP/TLS/RTP/SAVPF 127
[Cluster Signal] Answer sent to client
[Cluster Signal] Flushing 3 queued server ICE candidates
[Cluster Signal] Sent queued server ICE: candidate:1416915466 1 udp 2113940223 2402:800:610...
[Cluster Signal] Sent queued server ICE: candidate:3696738782 1 udp 2113940223 2402:800:610...
[Cluster Signal] Sent queued server ICE: candidate:3707760737 1 udp 2113937663 192.168.1.9 ...
[Cluster Signal] Processing 7 queued client ICE candidates
[RTC-AmfNative] 📥 RECEIVED CANDIDATE: 'candidate:1615777703 1 udp 2122129151 192.168.1.9 58955 typ host generation 0 ufrag 1obo network-id 1...' (len=101)
[RTC-AmfNative] 📥 CANDIDATE HEX: 63-61-6E-64-69-64-61-74-65-3A-31-36-31-35-37-37-37-37-30-33-20-31-20-75-64-70-20-32-31-32-32-31-32-39-31-35-31-20-31-39-32-2E-31-36-38-2E-31-2E-39-20
[RTC-AmfNative] Added remote ICE: candidate:1615777703 1 udp 2122129151 192.168.1.9 58955 typ host gener...
[RTC-AmfNative] After add ICE: iceState=new, pcState=new
[Cluster Signal] Added queued ICE: candidate:1615777703 1 udp 2122129151 192.168.1.9 ...
[RTC-AmfNative] 📥 RECEIVED CANDIDATE: 'candidate:2579796612 1 udp 2122262783 2402:800:610d:265a:20f9:2def:f868:d492 58956 typ host generation 0 ufrag 1obo netw...' (len=128)
[RTC-AmfNative] 📥 CANDIDATE HEX: 63-61-6E-64-69-64-61-74-65-3A-32-35-37-39-37-39-36-36-31-32-20-31-20-75-64-70-20-32-31-32-32-32-36-32-37-38-33-20-32-34-30-32-3A-38-30-30-3A-36-31-30
[RTC-AmfNative] Added remote ICE: candidate:2579796612 1 udp 2122262783 2402:800:610d:265a:20f9:2def:f86...
[RTC-AmfNative] After add ICE: iceState=new, pcState=new
[Cluster Signal] Added queued ICE: candidate:2579796612 1 udp 2122262783 2402:800:610...
[RTC-AmfNative] 📥 RECEIVED CANDIDATE: 'candidate:2324379697 1 udp 2122197247 2402:800:610d:265a:c29e:1bd7:cf8d:4ee1 58957 typ host generation 0 ufrag 1obo netw...' (len=128)
[RTC-AmfNative] 📥 CANDIDATE HEX: 63-61-6E-64-69-64-61-74-65-3A-32-33-32-34-33-37-39-36-39-37-20-31-20-75-64-70-20-32-31-32-32-31-39-37-32-34-37-20-32-34-30-32-3A-38-30-30-3A-36-31-30
[RTC-AmfNative] Added remote ICE: candidate:2324379697 1 udp 2122197247 2402:800:610d:265a:c29e:1bd7:cf8...
[RTC-AmfNative] After add ICE: iceState=new, pcState=new
[Cluster Signal] Added queued ICE: candidate:2324379697 1 udp 2122197247 2402:800:610...
[RTC-AmfNative] 📥 RECEIVED CANDIDATE: 'candidate:3634845837 1 udp 1685921535 171.241.38.173 58955 typ srflx raddr 192.168.1.9 rport 58955 generation 0 ufrag 1o...' (len=135)
[RTC-AmfNative] 📥 CANDIDATE HEX: 63-61-6E-64-69-64-61-74-65-3A-33-36-33-34-38-34-35-38-33-37-20-31-20-75-64-70-20-31-36-38-35-39-32-31-35-33-35-20-31-37-31-2E-32-34-31-2E-33-38-2E-31
[RTC-AmfNative] Added remote ICE: candidate:3634845837 1 udp 1685921535 171.241.38.173 58955 typ srflx r...
[RTC-AmfNative] After add ICE: iceState=new, pcState=new
[Cluster Signal] Added queued ICE: candidate:3634845837 1 udp 1685921535 171.241.38.1...
[RTC-AmfNative] 📥 RECEIVED CANDIDATE: 'candidate:511782207 1 tcp 1518149375 192.168.1.9 60139 typ host tcptype passive generation 0 ufrag 1obo network-id 1...' (len=116)
[RTC-AmfNative] 📥 CANDIDATE HEX: 63-61-6E-64-69-64-61-74-65-3A-35-31-31-37-38-32-32-30-37-20-31-20-74-63-70-20-31-35-31-38-31-34-39-33-37-35-20-31-39-32-2E-31-36-38-2E-31-2E-39-20-36
[RTC-AmfNative] Added remote ICE: candidate:511782207 1 tcp 1518149375 192.168.1.9 60139 typ host tcptyp...
[RTC-AmfNative] After add ICE: iceState=new, pcState=new
[Cluster Signal] Added queued ICE: candidate:511782207 1 tcp 1518149375 192.168.1.9 6...
[RTC-AmfNative] 📥 RECEIVED CANDIDATE: 'candidate:3876286492 1 tcp 1518283007 2402:800:610d:265a:20f9:2def:f868:d492 60140 typ host tcptype passive generation 0...' (len=144)
[RTC-AmfNative] 📥 CANDIDATE HEX: 63-61-6E-64-69-64-61-74-65-3A-33-38-37-36-32-38-36-34-39-32-20-31-20-74-63-70-20-31-35-31-38-32-38-33-30-30-37-20-32-34-30-32-3A-38-30-30-3A-36-31-30
[RTC-AmfNative] Added remote ICE: candidate:3876286492 1 tcp 1518283007 2402:800:610d:265a:20f9:2def:f86...
[RTC-AmfNative] After add ICE: iceState=new, pcState=new
[Cluster Signal] Added queued ICE: candidate:3876286492 1 tcp 1518283007 2402:800:610...
[RTC-AmfNative] 📥 RECEIVED CANDIDATE: 'candidate:4098153129 1 tcp 1518217471 2402:800:610d:265a:c29e:1bd7:cf8d:4ee1 60141 typ host tcptype passive generation 0...' (len=144)
[RTC-AmfNative] 📥 CANDIDATE HEX: 63-61-6E-64-69-64-61-74-65-3A-34-30-39-38-31-35-33-31-32-39-20-31-20-74-63-70-20-31-35-31-38-32-31-37-34-37-31-20-32-34-30-32-3A-38-30-30-3A-36-31-30
[RTC-AmfNative] Added remote ICE: candidate:4098153129 1 tcp 1518217471 2402:800:610d:265a:c29e:1bd7:cf8...
[RTC-AmfNative] After add ICE: iceState=new, pcState=new
[Cluster Signal] Added queued ICE: candidate:4098153129 1 tcp 1518217471 2402:800:610...
[ClusterCapture] Starting combined capture for 2 monitors
[GpuColorConverter] Initialized 3840x1080 BGRA->NV12 converter
[ClusterCapture] GPU color converter initialized (BGRA->NV12)
[ClusterCapture] Capture started
[ClusterCapture] Target 30fps, frame interval 33ms
[AmfNativeWrapper] Initializing 3840x1080 @ 30fps, 8000kbps
[AmfNativeWrapper] Initialized successfully (zero-copy enabled)
[RTC-AmfNative] Encoder started 3840x1080 @ 30fps (zero-copy)
[RTC-AmfNative] Local ICE: 3070992155 1 udp 1677730047 171.241.38.173 62434 t...
[Cluster Signal] Sent server ICE: candidate:3070992155 1 udp 1677730047 171.241.38.1...
[RTC-AmfNative] stats: enq=55 sent=0
[RTC-AmfNative] stats: enq=106 sent=0
[RTC-AmfNative] stats: enq=159 sent=0
[RTC-AmfNative] stats: enq=212 sent=0
[RTC-AmfNative] stats: enq=265 sent=0
[RTC-AmfNative] stats: enq=320 sent=0
[RTC-AmfNative] stats: enq=381 sent=0
[RTC-AmfNative] stats: enq=439 sent=0
[RTC-AmfNative] stats: enq=492 sent=0
[RTC-AmfNative] stats: enq=546 sent=0
[RTC-AmfNative] stats: enq=599 sent=0
[RTC-AmfNative] stats: enq=652 sent=0
[RTC-AmfNative] stats: enq=708 sent=0
[RTC-AmfNative] stats: enq=762 sent=0
[RTC-AmfNative] stats: enq=817 sent=0
[RTC-AmfNative] stats: enq=872 sent=0
[RTC-AmfNative] stats: enq=925 sent=0
[RTC-AmfNative] stats: enq=982 sent=0
[RTC-AmfNative] stats: enq=1037 sent=0
[RTC-AmfNative] stats: enq=1089 sent=0
[RTC-AmfNative] stats: enq=1145 sent=0
[RTC-AmfNative] stats: enq=1201 sent=0
[RTC-AmfNative] stats: enq=1257 sent=0
[RTC-AmfNative] stats: enq=1313 sent=0
[RTC-AmfNative] Stopping...
[RTC-AmfNative] pc.state = closed
[AmfNativeWrapper] Disposed
[RTC-AmfNative] Stopped
[RTC-AmfNative] Disposed
[ClusterCapture] Capture stopped
[ClusterCapture] Capture stopped
[Guard] Restoring display settings after client disconnect...
[Guard] RestoreAndCleanupWithTimeout called...
[Guard] SnapshotPath exists: True
[Guard] Attempting to disable VDD...
[Guard] ForceDisableVdd: Finding VDD instance...
[Guard] ForceDisableVdd: Found VDD ID: ROOT\DISPLAY\0000
[Guard] ForceDisableVdd: VDD is currently ENABLED
[Guard] ForceDisableVdd: Physical monitors: \\.\DISPLAY2, \\.\DISPLAY1
[Guard] ForceDisableVdd: Setting \\.\DISPLAY1 as primary...
[Guard] ForceDisableVdd: Disabling VDD...
[pnputil] /disable-device "ROOT\DISPLAY\0000"
Microsoft PnP Utility

Disabling device:          ROOT\DISPLAY\0000
Device disabled successfully.


[RTC-AmfNative] stats: enq=1316 sent=0
[Guard] ForceDisableVdd: ⚠ VDD may still be enabled.
[Guard] Restoring original state before exit...
[Guard] Monitor modes restored.
[Guard] Taskbar multi-monitor flag restored to 1.
[Guard] ℹ️ Taskbar setting will apply automatically (no Explorer restart needed).
[Guard] Restoring original text size...
[Guard] ✓ Text size restored successfully.
[Guard] Restoring per-monitor text scale...
[Guard] Restoring text scale for virtual monitor: \\.\DISPLAY1
[TextScale] Removed custom DPI for \\.\DISPLAY1
[TextScale] Enhanced broadcast refresh completed.
[Guard] ✓ Virtual monitor text scale restored to 100%
[Guard] Per-monitor text scale restoration completed.
[Guard] Allowing system to settle after restore...
[Guard] ✅ All settings restored and system settled.
[Guard] Restore done.
[Guard] Display settings restored.
[Signal] Cluster client disconnected ba31660e-1be3-46de-a4ba-3cce1733b3b2
